
##### BPR-m3-tunedper-arm / musical / seed=2026 #####
[data] loaded 511,836 rows from /mnt/c/Users/nguye/uniyear/causal-isolated-training/data/musical_dataset/Musical_Instruments.csv
rating_threshold = 1.0
exclude_unknowns = True
---
Training data:
Number of users = 54483
Number of items = 22753
Number of ratings = 427957
Max rating = 5.0
Min rating = 1.0
Global mean = 4.5
---
Test data:
Number of users = 54483
Number of items = 22753
Number of ratings = 19760
Number of unknown users = 0
Number of unknown items = 0
---
Validation data:
Number of users = 54483
Number of items = 22753
Number of ratings = 30360
---
Total users = 54483
Total items = 22753

--- uniform ---  {'k': 256, 'batch_size': 4096, 'learning_rate': 0.05, 'lambda_u': 1e-05, 'lambda_i': 1e-05, 'lambda_j': 1e-05, 'n_epochs': 1000}
  [uniform] batch 0: HR@20=0.02612 scored=4096
  [uniform] batch 10: HR@20=0.02832 scored=4096
  [uniform] batch 20: HR@20=0.02051 scored=4096
  [uniform] batch 30: HR@20=0.01636 scored=4096
  [uniform] batch 40: HR@20=0.01416 scored=4096
  [uniform] batch 50: HR@20=0.01514 scored=4096
  [uniform] batch 60: HR@20=0.00781 scored=4096
  [uniform] batch 70: HR@20=0.01392 scored=4096
  [uniform] batch 80: HR@20=0.01172 scored=4096
[uniform] 84 points  rho=48.81%  (77.3s)

--- causal ---  {'k': 256, 'batch_size': 4096, 'learning_rate': 0.05, 'lambda_u': 0.001, 'lambda_i': 0.001, 'lambda_j': 0.001, 'n_epochs': 1000}
  [causal] batch 0: HR@20=0.02588 scored=4096
  [causal] batch 10: HR@20=0.02905 scored=4096
  [causal] batch 20: HR@20=0.01929 scored=4096
  [causal] batch 30: HR@20=0.01538 scored=4096
  [causal] batch 40: HR@20=0.01392 scored=4096
  [causal] batch 50: HR@20=0.01270 scored=4096
  [causal] batch 60: HR@20=0.00830 scored=4096
  [causal] batch 70: HR@20=0.01440 scored=4096
  [causal] batch 80: HR@20=0.01025 scored=4096
[causal] 84 points  rho=0.00%  (74.8s)
[prequential] wrote /mnt/c/Users/nguye/uniyear/causal-isolated-training/research/results/prequential/bpr-m3-tunedper-arm_musical_seed2026.json

##### BPR-m3-tunedper-arm / philadelphia / seed=2026 #####
[data] loaded 586,677 rows from /mnt/c/Users/nguye/uniyear/causal-isolated-training/data/philadelphia_dataset/Philadelphia.csv
rating_threshold = 1.0
exclude_unknowns = True
/home/nguye/miniconda3/envs/leakage24/lib/python3.12/site-packages/cornac/data/dataset.py:335: UserWarning: 18484 duplicated observations are removed!
  warnings.warn("%d duplicated observations are removed!" % dup_count)
---
Training data:
Number of users = 32488
Number of items = 10085
Number of ratings = 450857
Max rating = 5.0
Min rating = 1.0
Global mean = 3.8
/home/nguye/miniconda3/envs/leakage24/lib/python3.12/site-packages/cornac/data/dataset.py:335: UserWarning: 674 duplicated observations are removed!
  warnings.warn("%d duplicated observations are removed!" % dup_count)
---
Test data:
Number of users = 32488
Number of items = 10085
Number of ratings = 26968
Number of unknown users = 0
Number of unknown items = 0
/home/nguye/miniconda3/envs/leakage24/lib/python3.12/site-packages/cornac/data/dataset.py:335: UserWarning: 914 duplicated observations are removed!
  warnings.warn("%d duplicated observations are removed!" % dup_count)
---
Validation data:
Number of users = 32488
Number of items = 10085
Number of ratings = 37868
---
Total users = 32488
Total items = 10085

--- uniform ---  {'k': 256, 'batch_size': 4096, 'learning_rate': 0.05, 'lambda_u': 0.0001, 'lambda_i': 0.0001, 'lambda_j': 0.0001, 'n_epochs': 1000}
  [uniform] batch 0: HR@20=0.04736 scored=4096
  [uniform] batch 10: HR@20=0.04199 scored=4096
  [uniform] batch 20: HR@20=0.04932 scored=4096
  [uniform] batch 30: HR@20=0.04541 scored=4096
  [uniform] batch 40: HR@20=0.04395 scored=4096
  [uniform] batch 50: HR@20=0.04736 scored=4096
  [uniform] batch 60: HR@20=0.04248 scored=4096
  [uniform] batch 70: HR@20=0.03906 scored=4096
  [uniform] batch 80: HR@20=0.05151 scored=4096
[uniform] 89 points  rho=44.14%  (40.6s)

--- causal ---  {'k': 256, 'batch_size': 4096, 'learning_rate': 0.1, 'lambda_u': 1e-05, 'lambda_i': 1e-05, 'lambda_j': 1e-05, 'n_epochs': 1000}
  [causal] batch 0: HR@20=0.04272 scored=4096
  [causal] batch 10: HR@20=0.04663 scored=4096
  [causal] batch 20: HR@20=0.04907 scored=4096
  [causal] batch 30: HR@20=0.04517 scored=4096
  [causal] batch 40: HR@20=0.04468 scored=4096
  [causal] batch 50: HR@20=0.05078 scored=4096
  [causal] batch 60: HR@20=0.04272 scored=4096
  [causal] batch 70: HR@20=0.04224 scored=4096
  [causal] batch 80: HR@20=0.05518 scored=4096
[causal] 89 points  rho=0.00%  (39.5s)
[prequential] wrote /mnt/c/Users/nguye/uniyear/causal-isolated-training/research/results/prequential/bpr-m3-tunedper-arm_philadelphia_seed2026.json

##### BPR-m3-tunedper-arm / baby / seed=2026 #####
[data] loaded 1,241,083 rows from /mnt/c/Users/nguye/uniyear/causal-isolated-training/data/baby_dataset/Baby_Products.csv
rating_threshold = 1.0
exclude_unknowns = True
---
Training data:
Number of users = 141889
Number of items = 30754
Number of ratings = 1067381
Max rating = 5.0
Min rating = 1.0
Global mean = 4.3
---
Test data:
Number of users = 141889
Number of items = 30754
Number of ratings = 21883
Number of unknown users = 0
Number of unknown items = 0
---
Validation data:
Number of users = 141889
Number of items = 30754
Number of ratings = 43813
---
Total users = 141889
Total items = 30754

--- uniform ---  {'k': 256, 'batch_size': 4096, 'learning_rate': 0.05, 'lambda_u': 1e-06, 'lambda_i': 1e-06, 'lambda_j': 1e-06, 'n_epochs': 1000}
  [uniform] batch 0: HR@20=0.03271 scored=4096
  [uniform] batch 10: HR@20=0.03516 scored=4096
  [uniform] batch 20: HR@20=0.02759 scored=4096
  [uniform] batch 30: HR@20=0.02588 scored=4096
  [uniform] batch 40: HR@20=0.02783 scored=4096
  [uniform] batch 50: HR@20=0.02197 scored=4096
  [uniform] batch 60: HR@20=0.02124 scored=4096
  [uniform] batch 70: HR@20=0.02051 scored=4096
  [uniform] batch 80: HR@20=0.01953 scored=4096
  [uniform] batch 90: HR@20=0.01880 scored=4096
  [uniform] batch 100: HR@20=0.01489 scored=4096
  [uniform] batch 110: HR@20=0.01733 scored=4096
  [uniform] batch 120: HR@20=0.01318 scored=4096
  [uniform] batch 130: HR@20=0.01489 scored=4096
  [uniform] batch 140: HR@20=0.01147 scored=4096
  [uniform] batch 150: HR@20=0.01270 scored=4096
  [uniform] batch 160: HR@20=0.01147 scored=4096
  [uniform] batch 170: HR@20=0.01172 scored=4096
  [uniform] batch 180: HR@20=0.01025 scored=4096
  [uniform] batch 190: HR@20=0.01025 scored=4096
  [uniform] batch 200: HR@20=0.01050 scored=4096
[uniform] 209 points  rho=54.25%  (249.9s)

--- causal ---  {'k': 64, 'batch_size': 4096, 'learning_rate': 0.05, 'lambda_u': 1e-05, 'lambda_i': 1e-05, 'lambda_j': 1e-05, 'n_epochs': 1000}
  [causal] batch 0: HR@20=0.03027 scored=4096
  [causal] batch 10: HR@20=0.03442 scored=4096
  [causal] batch 20: HR@20=0.02100 scored=4096
  [causal] batch 30: HR@20=0.02490 scored=4096
  [causal] batch 40: HR@20=0.01904 scored=4096
  [causal] batch 50: HR@20=0.02026 scored=4096
  [causal] batch 60: HR@20=0.01538 scored=4096
  [causal] batch 70: HR@20=0.01636 scored=4096
  [causal] batch 80: HR@20=0.01904 scored=4096
  [causal] batch 90: HR@20=0.01685 scored=4096
  [causal] batch 100: HR@20=0.01416 scored=4096
  [causal] batch 110: HR@20=0.01367 scored=4096
  [causal] batch 120: HR@20=0.01172 scored=4096
  [causal] batch 130: HR@20=0.01172 scored=4096
  [causal] batch 140: HR@20=0.01025 scored=4096
  [causal] batch 150: HR@20=0.01367 scored=4096
  [causal] batch 160: HR@20=0.00879 scored=4096
  [causal] batch 170: HR@20=0.00806 scored=4096
  [causal] batch 180: HR@20=0.01001 scored=4096
  [causal] batch 190: HR@20=0.00806 scored=4096
  [causal] batch 200: HR@20=0.00928 scored=4096
[causal] 209 points  rho=0.00%  (169.5s)
[prequential] wrote /mnt/c/Users/nguye/uniyear/causal-isolated-training/research/results/prequential/bpr-m3-tunedper-arm_baby_seed2026.json
