
=== Tuning neumf on baby x causal x seed=42, selecting on validation NDCG@20 ===
    -> /mnt/c/Users/nguye/uniyear/causal-isolated-training/research/results/tuning/neumf-pretrain/baby/causal/seed42
[baseline] running with defaults: {'num_factors': 8, 'mlp_hidden_count': 3, 'learning_rate': 0.001, 'num_neg': 4, 'batch_size': 256}

VALIDATION:
...
                           | HitRatio@20 | NDCG@20 | Recall@20 | Time (s)
-------------------------- + ----------- + ------- + --------- + --------
NeuMF/tune/baby/causal/s42 |      0.0126 |  0.0022 |    0.0057 |  27.9618

TEST:
...
                           | HitRatio@20 | NDCG@20 | Recall@20 | Train (s) | Test (s)
-------------------------- + ----------- + ------- + --------- + --------- + --------
NeuMF/tune/baby/causal/s42 |      0.0073 |  0.0015 |    0.0042 |  703.7281 |  15.8526

[baseline] val NDCG@20=0.0022  test=0.0015  (748.0s)

--- knob: num_factors  grid=[16, 32, 64]  (default carries metric=0.0022) ---

VALIDATION:
...
                           | HitRatio@20 | NDCG@20 | Recall@20 | Time (s)
-------------------------- + ----------- + ------- + --------- + --------
NeuMF/tune/baby/causal/s42 |      0.0182 |  0.0035 |    0.0087 |  32.6929

TEST:
...
                           | HitRatio@20 | NDCG@20 | Recall@20 | Train (s) | Test (s)
-------------------------- + ----------- + ------- + --------- + --------- + --------
NeuMF/tune/baby/causal/s42 |      0.0112 |  0.0024 |    0.0063 |  990.3698 |  18.8564

[run]  num_factors=16  val NDCG@20=0.0035  test=0.0024  (1042.5s)

VALIDATION:
...
                           | HitRatio@20 | NDCG@20 | Recall@20 | Time (s)
-------------------------- + ----------- + ------- + --------- + --------
NeuMF/tune/baby/causal/s42 |      0.0253 |  0.0056 |    0.0130 |  54.3135

TEST:
...
                           | HitRatio@20 | NDCG@20 | Recall@20 | Train (s) | Test (s)
-------------------------- + ----------- + ------- + --------- + --------- + --------
NeuMF/tune/baby/causal/s42 |      0.0197 |  0.0045 |    0.0120 | 1622.6102 |  30.8710

[run]  num_factors=32  val NDCG@20=0.0056  test=0.0045  (1708.7s)

VALIDATION:
...
                           | HitRatio@20 | NDCG@20 | Recall@20 | Time (s)
-------------------------- + ----------- + ------- + --------- + --------
NeuMF/tune/baby/causal/s42 |      0.0245 |  0.0058 |    0.0124 | 104.1001

TEST:
...
                           | HitRatio@20 | NDCG@20 | Recall@20 | Train (s) | Test (s)
-------------------------- + ----------- + ------- + --------- + --------- + --------
NeuMF/tune/baby/causal/s42 |      0.0150 |  0.0041 |    0.0093 | 2884.0201 |  59.2861

[run]  num_factors=64  val NDCG@20=0.0058  test=0.0041  (3049.0s)
[winner@num_factors] num_factors=64  NDCG@20=0.0058

--- knob: mlp_hidden_count  grid=[4]  (default carries metric=0.0058) ---

VALIDATION:
...
                           | HitRatio@20 | NDCG@20 | Recall@20 | Time (s)
-------------------------- + ----------- + ------- + --------- + --------
NeuMF/tune/baby/causal/s42 |      0.0262 |  0.0062 |    0.0137 | 241.0794

TEST:
...
                           | HitRatio@20 | NDCG@20 | Recall@20 | Train (s) | Test (s)
-------------------------- + ----------- + ------- + --------- + --------- + --------
NeuMF/tune/baby/causal/s42 |      0.0164 |  0.0044 |    0.0098 | 4929.9074 | 137.4879

[run]  mlp_hidden_count=4  val NDCG@20=0.0062  test=0.0044  (5312.2s)
[winner@mlp_hidden_count] mlp_hidden_count=4  NDCG@20=0.0062

--- knob: learning_rate  grid=[0.0001, 0.0005, 0.005]  (default carries metric=0.0062) ---

VALIDATION:
...
                           | HitRatio@20 | NDCG@20 | Recall@20 | Time (s)
-------------------------- + ----------- + ------- + --------- + --------
NeuMF/tune/baby/causal/s42 |      0.0174 |  0.0038 |    0.0089 | 238.0950

TEST:
...
                           | HitRatio@20 | NDCG@20 | Recall@20 | Train (s) | Test (s)
-------------------------- + ----------- + ------- + --------- + --------- + --------
NeuMF/tune/baby/causal/s42 |      0.0120 |  0.0031 |    0.0077 | 4896.6206 | 135.4790

[run]  learning_rate=0.0001  val NDCG@20=0.0038  test=0.0031  (5273.0s)

VALIDATION:
...
                           | HitRatio@20 | NDCG@20 | Recall@20 | Time (s)
-------------------------- + ----------- + ------- + --------- + --------
NeuMF/tune/baby/causal/s42 |      0.0252 |  0.0059 |    0.0124 | 242.0635

TEST:
...
                           | HitRatio@20 | NDCG@20 | Recall@20 | Train (s) | Test (s)
-------------------------- + ----------- + ------- + --------- + --------- + --------
NeuMF/tune/baby/causal/s42 |      0.0168 |  0.0045 |    0.0108 | 4890.4641 | 138.2805

[run]  learning_rate=0.0005  val NDCG@20=0.0059  test=0.0045  (5273.6s)

VALIDATION:
...
                           | HitRatio@20 | NDCG@20 | Recall@20 | Time (s)
-------------------------- + ----------- + ------- + --------- + --------
NeuMF/tune/baby/causal/s42 |      0.0285 |  0.0062 |    0.0145 | 238.3668

TEST:
...
                           | HitRatio@20 | NDCG@20 | Recall@20 | Train (s) | Test (s)
-------------------------- + ----------- + ------- + --------- + --------- + --------
NeuMF/tune/baby/causal/s42 |      0.0183 |  0.0045 |    0.0107 | 5056.8846 | 136.1363

[run]  learning_rate=0.005  val NDCG@20=0.0062  test=0.0045  (5435.0s)
[winner@learning_rate] learning_rate=0.005  NDCG@20=0.0062

--- knob: batch_size  grid=[128, 512, 1024]  (default carries metric=0.0062) ---

VALIDATION:
...
                           | HitRatio@20 | NDCG@20 | Recall@20 | Time (s)
-------------------------- + ----------- + ------- + --------- + --------
NeuMF/tune/baby/causal/s42 |      0.0244 |  0.0055 |    0.0125 | 237.9752

TEST:
...
                           | HitRatio@20 | NDCG@20 | Recall@20 | Train (s) | Test (s)
-------------------------- + ----------- + ------- + --------- + --------- + --------
NeuMF/tune/baby/causal/s42 |      0.0163 |  0.0042 |    0.0095 | 9593.5144 | 135.4071

[run]  batch_size=128  val NDCG@20=0.0055  test=0.0042  (9969.6s)

VALIDATION:
...
                           | HitRatio@20 | NDCG@20 | Recall@20 | Time (s)
-------------------------- + ----------- + ------- + --------- + --------
NeuMF/tune/baby/causal/s42 |      0.0259 |  0.0059 |    0.0136 | 238.0728

TEST:
...
                           | HitRatio@20 | NDCG@20 | Recall@20 | Train (s) | Test (s)
-------------------------- + ----------- + ------- + --------- + --------- + --------
NeuMF/tune/baby/causal/s42 |      0.0171 |  0.0041 |    0.0101 | 2525.5429 | 135.4634

[run]  batch_size=512  val NDCG@20=0.0059  test=0.0041  (2901.7s)

VALIDATION:
...
                           | HitRatio@20 | NDCG@20 | Recall@20 | Time (s)
-------------------------- + ----------- + ------- + --------- + --------
NeuMF/tune/baby/causal/s42 |      0.0270 |  0.0060 |    0.0137 | 238.1546

TEST:
...
                           | HitRatio@20 | NDCG@20 | Recall@20 | Train (s) | Test (s)
-------------------------- + ----------- + ------- + --------- + --------- + --------
NeuMF/tune/baby/causal/s42 |      0.0189 |  0.0045 |    0.0106 | 1393.0068 | 135.5348

[run]  batch_size=1024  val NDCG@20=0.0060  test=0.0045  (1769.4s)
[winner@batch_size] batch_size=256  NDCG@20=0.0062 (kept default)

=== neumf [baby x causal x seed=42] winner: {'num_factors': 64, 'mlp_hidden_count': 4, 'learning_rate': 0.005, 'num_neg': 4, 'batch_size': 256}  val NDCG@20=0.0062  test=0.0045 ===

