
=== Tuning lightgcn on cellphone x uniform x seed=42, selecting on validation NDCG@20 ===
    -> /home/thinh/causal-isolated-training/research/results/tuning/lightgcn/cellphone/uniform/seed42
[baseline] running with defaults: {'lambda_reg': 0.0001, 'num_layers': 3, 'learning_rate': 0.001}
Early stopping:
- best epoch = 13, stopped epoch = 63
- best monitored value = 0.016425 (delta = -0.004703)

VALIDATION:
...
                                    | HitRatio@20 | NDCG@20 | Recall@20 | Time (s)
----------------------------------- + ----------- + ------- + --------- + --------
LightGCN/tune/cellphone/uniform/s42 |      0.0182 |  0.0054 |    0.0117 | 259.0955

TEST:
...
                                    | HitRatio@20 | NDCG@20 | Recall@20 |  Train (s) | Test (s)
----------------------------------- + ----------- + ------- + --------- + ---------- + --------
LightGCN/tune/cellphone/uniform/s42 |      0.0134 |  0.0043 |    0.0095 | 29028.7417 | 157.0793

[baseline] val NDCG@20=0.0054  test=0.0043  (29446.0s)

--- knob: num_layers  grid=[1, 2, 4]  (default carries metric=0.0054) ---
Early stopping:
- best epoch = 5, stopped epoch = 55
- best monitored value = 0.014517 (delta = -0.005515)

VALIDATION:
...
                                    | HitRatio@20 | NDCG@20 | Recall@20 | Time (s)
----------------------------------- + ----------- + ------- + --------- + --------
LightGCN/tune/cellphone/uniform/s42 |      0.0137 |  0.0042 |    0.0090 | 260.0940

TEST:
...
                                    | HitRatio@20 | NDCG@20 | Recall@20 |  Train (s) | Test (s)
----------------------------------- + ----------- + ------- + --------- + ---------- + --------
LightGCN/tune/cellphone/uniform/s42 |      0.0103 |  0.0033 |    0.0074 | 19718.1127 | 156.4053

[run]  num_layers=1  val NDCG@20=0.0042  test=0.0033  (20135.5s)

=== Tuning lightgcn on cellphone x uniform x seed=42, selecting on validation NDCG@20 ===
    -> /home/thinh/causal-isolated-training/research/results/tuning/lightgcn/cellphone/uniform/seed42
[baseline] cached: val NDCG@20=0.0054

--- knob: num_layers  grid=[1, 2, 4]  (default carries metric=0.0054) ---
[skip] num_layers=1  val NDCG@20=0.0042  [cached]
Early stopping:
- best epoch = 12, stopped epoch = 62
- best monitored value = 0.016327 (delta = -0.004524)

VALIDATION:
...
                                    | HitRatio@20 | NDCG@20 | Recall@20 | Time (s)
----------------------------------- + ----------- + ------- + --------- + --------
LightGCN/tune/cellphone/uniform/s42 |      0.0185 |  0.0056 |    0.0118 | 258.6910

TEST:
...
                                    | HitRatio@20 | NDCG@20 | Recall@20 |  Train (s) | Test (s)
----------------------------------- + ----------- + ------- + --------- + ---------- + --------
LightGCN/tune/cellphone/uniform/s42 |      0.0142 |  0.0045 |    0.0102 | 25640.3515 | 155.4060

[run]  num_layers=2  val NDCG@20=0.0056  test=0.0045  (26055.4s)
Early stopping:
- best epoch = 20, stopped epoch = 70
- best monitored value = 0.016400 (delta = -0.003122)

VALIDATION:
...
                                    | HitRatio@20 | NDCG@20 | Recall@20 | Time (s)
----------------------------------- + ----------- + ------- + --------- + --------
LightGCN/tune/cellphone/uniform/s42 |      0.0203 |  0.0061 |    0.0133 | 261.6808

TEST:
...
                                    | HitRatio@20 | NDCG@20 | Recall@20 |  Train (s) | Test (s)
----------------------------------- + ----------- + ------- + --------- + ---------- + --------
LightGCN/tune/cellphone/uniform/s42 |      0.0147 |  0.0046 |    0.0104 | 36052.8172 | 157.0325

[run]  num_layers=4  val NDCG@20=0.0061  test=0.0046  (36472.5s)
[winner@num_layers] num_layers=4  NDCG@20=0.0061
[users] winner per-user scores from num_layers/4.json

=== lightgcn [cellphone x uniform x seed=42] winner: {'lambda_reg': 0.0001, 'num_layers': 4, 'learning_rate': 0.001}  val NDCG@20=0.0061  test=0.0046 ===

