
=== Tuning lightgcn on cellphone x causal x seed=2026, selecting on validation NDCG@20 ===
    -> /home/ntuyen/causal-isolated-training/research/results/tuning/lightgcn/cellphone/causal/seed2026
[baseline] running with defaults: {'lambda_reg': 0.0001, 'num_layers': 3, 'learning_rate': 0.001}

=== Tuning lightgcn on cellphone x causal x seed=2026, selecting on validation NDCG@20 ===
    -> /home/ntuyen/causal-isolated-training/research/results/tuning/lightgcn/cellphone/causal/seed2026
[baseline] running with defaults: {'lambda_reg': 0.0001, 'num_layers': 3, 'learning_rate': 0.001}
Early stopping:
- best epoch = 14, stopped epoch = 64
- best monitored value = 0.022900 (delta = -0.007195)

VALIDATION:
...
                                     | HitRatio@20 | NDCG@20 | Recall@20 | Time (s)
------------------------------------ + ----------- + ------- + --------- + --------
LightGCN/tune/cellphone/causal/s2026 |      0.0241 |  0.0071 |    0.0157 | 191.8911

TEST:
...
                                     | HitRatio@20 | NDCG@20 | Recall@20 |  Train (s) | Test (s)
------------------------------------ + ----------- + ------- + --------- + ---------- + --------
LightGCN/tune/cellphone/causal/s2026 |      0.0167 |  0.0051 |    0.0119 | 24600.3127 | 107.2955

[baseline] val NDCG@20=0.0071  test=0.0051  (24900.1s)

--- knob: num_layers  grid=[1, 2, 4]  (default carries metric=0.0071) ---
Early stopping:
- best epoch = 5, stopped epoch = 55
- best monitored value = 0.020329 (delta = -0.008623)

VALIDATION:
...
                                     | HitRatio@20 | NDCG@20 | Recall@20 | Time (s)
------------------------------------ + ----------- + ------- + --------- + --------
LightGCN/tune/cellphone/causal/s2026 |      0.0180 |  0.0051 |    0.0117 | 176.5508

TEST:
...
                                     | HitRatio@20 | NDCG@20 | Recall@20 |  Train (s) | Test (s)
------------------------------------ + ----------- + ------- + --------- + ---------- + --------
LightGCN/tune/cellphone/causal/s2026 |      0.0131 |  0.0039 |    0.0095 | 16211.9148 | 104.3691

[run]  num_layers=1  val NDCG@20=0.0051  test=0.0039  (16493.5s)
Early stopping:
- best epoch = 11, stopped epoch = 61
- best monitored value = 0.024760 (delta = -0.007137)

VALIDATION:
...
                                     | HitRatio@20 | NDCG@20 | Recall@20 | Time (s)
------------------------------------ + ----------- + ------- + --------- + --------
LightGCN/tune/cellphone/causal/s2026 |      0.0271 |  0.0078 |    0.0176 | 177.0918

TEST:
...
                                     | HitRatio@20 | NDCG@20 | Recall@20 |  Train (s) | Test (s)
------------------------------------ + ----------- + ------- + --------- + ---------- + --------
LightGCN/tune/cellphone/causal/s2026 |      0.0214 |  0.0065 |    0.0153 | 20027.0315 | 109.5622

[run]  num_layers=2  val NDCG@20=0.0078  test=0.0065  (20314.2s)
Early stopping:
- best epoch = 17, stopped epoch = 67
- best monitored value = 0.024368 (delta = -0.005553)

VALIDATION:
...
                                     | HitRatio@20 | NDCG@20 | Recall@20 | Time (s)
------------------------------------ + ----------- + ------- + --------- + --------
LightGCN/tune/cellphone/causal/s2026 |      0.0287 |  0.0085 |    0.0188 | 181.7720

TEST:
...
                                     | HitRatio@20 | NDCG@20 | Recall@20 |  Train (s) | Test (s)
------------------------------------ + ----------- + ------- + --------- + ---------- + --------
LightGCN/tune/cellphone/causal/s2026 |      0.0209 |  0.0064 |    0.0151 | 29134.8652 | 104.8950

[run]  num_layers=4  val NDCG@20=0.0085  test=0.0064  (29422.2s)
[winner@num_layers] num_layers=4  NDCG@20=0.0085
[users] winner per-user scores from num_layers/4.json

=== lightgcn [cellphone x causal x seed=2026] winner: {'lambda_reg': 0.0001, 'num_layers': 4, 'learning_rate': 0.001}  val NDCG@20=0.0085  test=0.0064 ===

