
=== Tuning bpr on musical x causal x seed=2026, selecting on validation NDCG@20 ===
    -> /home/trustrs/causal-isolated-training/research/results/tuning/bpr/musical/causal/seed2026
[baseline] running with defaults: {'k_embed_dim': 64, 'learning_rate': 0.05, 'lambda_shared': 0.0001, 'batch_size': 4096, 'n_epochs': 1000}
Early stopping:
- best epoch = 30, stopped epoch = 43
- best monitored value = 0.018047 (delta = -0.000435)

VALIDATION:
...
                              | HitRatio@20 | NDCG@20 | Recall@20 | Time (s)
----------------------------- + ----------- + ------- + --------- + --------
BPR/tune/musical/causal/s2026 |      0.0713 |  0.0176 |    0.0349 |   8.4191

TEST:
...
                              | HitRatio@20 | NDCG@20 | Recall@20 | Train (s) | Test (s)
----------------------------- + ----------- + ------- + --------- + --------- + --------
BPR/tune/musical/causal/s2026 |      0.0611 |  0.0156 |    0.0333 |  387.6154 |   6.1333

[baseline] val NDCG@20=0.0176  test=0.0156  (402.3s)

--- knob: k_embed_dim  grid=[32, 128, 256]  (default carries metric=0.0176) ---
Early stopping:
- best epoch = 28, stopped epoch = 41
- best monitored value = 0.018512 (delta = -0.001153)

VALIDATION:
...
                              | HitRatio@20 | NDCG@20 | Recall@20 | Time (s)
----------------------------- + ----------- + ------- + --------- + --------
BPR/tune/musical/causal/s2026 |      0.0702 |  0.0174 |    0.0347 |   9.2566

TEST:
...
                              | HitRatio@20 | NDCG@20 | Recall@20 | Train (s) | Test (s)
----------------------------- + ----------- + ------- + --------- + --------- + --------
BPR/tune/musical/causal/s2026 |      0.0565 |  0.0137 |    0.0294 |  361.9736 |   5.8744

[run]  k_embed_dim=32  val NDCG@20=0.0174  test=0.0137  (377.2s)
Early stopping:
- best epoch = 40, stopped epoch = 53
- best monitored value = 0.019985 (delta = -0.001866)

VALIDATION:
...
                              | HitRatio@20 | NDCG@20 | Recall@20 | Time (s)
----------------------------- + ----------- + ------- + --------- + --------
BPR/tune/musical/causal/s2026 |      0.0728 |  0.0181 |    0.0356 |   8.8282

TEST:
...
                              | HitRatio@20 | NDCG@20 | Recall@20 | Train (s) | Test (s)
----------------------------- + ----------- + ------- + --------- + --------- + --------
BPR/tune/musical/causal/s2026 |      0.0625 |  0.0163 |    0.0344 |  539.1478 |   6.3204

[run]  k_embed_dim=128  val NDCG@20=0.0181  test=0.0163  (554.4s)
Early stopping:
- best epoch = 40, stopped epoch = 53
- best monitored value = 0.019689 (delta = -0.001283)

VALIDATION:
...
                              | HitRatio@20 | NDCG@20 | Recall@20 | Time (s)
----------------------------- + ----------- + ------- + --------- + --------
BPR/tune/musical/causal/s2026 |      0.0742 |  0.0184 |    0.0375 |  12.6356

TEST:
...
                              | HitRatio@20 | NDCG@20 | Recall@20 | Train (s) | Test (s)
----------------------------- + ----------- + ------- + --------- + --------- + --------
BPR/tune/musical/causal/s2026 |      0.0629 |  0.0160 |    0.0344 |  804.0938 |  10.8832

[run]  k_embed_dim=256  val NDCG@20=0.0184  test=0.0160  (827.8s)
[winner@k_embed_dim] k_embed_dim=256  NDCG@20=0.0184

--- knob: learning_rate  grid=[0.001, 0.01, 0.1]  (default carries metric=0.0184) ---
Early stopping:
- best epoch = 227, stopped epoch = 240
- best monitored value = 0.010435 (delta = -0.000062)

VALIDATION:
...
                              | HitRatio@20 | NDCG@20 | Recall@20 | Time (s)
----------------------------- + ----------- + ------- + --------- + --------
BPR/tune/musical/causal/s2026 |      0.0427 |  0.0104 |    0.0182 |  12.2988

TEST:
...
                              | HitRatio@20 | NDCG@20 | Recall@20 | Train (s) | Test (s)
----------------------------- + ----------- + ------- + --------- + --------- + --------
BPR/tune/musical/causal/s2026 |      0.0395 |  0.0104 |    0.0188 | 3692.8134 |   8.7899

[run]  learning_rate=0.001  val NDCG@20=0.0104  test=0.0104  (3714.1s)
Early stopping:
- best epoch = 120, stopped epoch = 133
- best monitored value = 0.018389 (delta = -0.000004)

VALIDATION:
...
                              | HitRatio@20 | NDCG@20 | Recall@20 | Time (s)
----------------------------- + ----------- + ------- + --------- + --------
BPR/tune/musical/causal/s2026 |      0.0742 |  0.0184 |    0.0354 |  13.0287

TEST:
...
                              | HitRatio@20 | NDCG@20 | Recall@20 | Train (s) | Test (s)
----------------------------- + ----------- + ------- + --------- + --------- + --------
BPR/tune/musical/causal/s2026 |      0.0590 |  0.0149 |    0.0308 | 2037.9586 |   9.0387

[run]  learning_rate=0.01  val NDCG@20=0.0184  test=0.0149  (2060.2s)
Early stopping:
- best epoch = 30, stopped epoch = 43
- best monitored value = 0.018307 (delta = -0.002763)

VALIDATION:
...
                              | HitRatio@20 | NDCG@20 | Recall@20 | Time (s)
----------------------------- + ----------- + ------- + --------- + --------
BPR/tune/musical/causal/s2026 |      0.0638 |  0.0155 |    0.0324 |  12.5435

TEST:
...
                              | HitRatio@20 | NDCG@20 | Recall@20 | Train (s) | Test (s)
----------------------------- + ----------- + ------- + --------- + --------- + --------
BPR/tune/musical/causal/s2026 |      0.0546 |  0.0142 |    0.0301 |  655.5798 |   8.9302

[run]  learning_rate=0.1  val NDCG@20=0.0155  test=0.0142  (677.2s)
[winner@learning_rate] learning_rate=0.05  NDCG@20=0.0184 (kept default)

--- knob: lambda_shared  grid=[1e-06, 1e-05, 0.001, 0.01]  (default carries metric=0.0184) ---
Early stopping:
- best epoch = 40, stopped epoch = 53
- best monitored value = 0.019778 (delta = -0.001402)

VALIDATION:
...
                              | HitRatio@20 | NDCG@20 | Recall@20 | Time (s)
----------------------------- + ----------- + ------- + --------- + --------
BPR/tune/musical/causal/s2026 |      0.0740 |  0.0184 |    0.0373 |  12.4084

TEST:
...
                              | HitRatio@20 | NDCG@20 | Recall@20 | Train (s) | Test (s)
----------------------------- + ----------- + ------- + --------- + --------- + --------
BPR/tune/musical/causal/s2026 |      0.0630 |  0.0160 |    0.0346 |  802.4613 |  10.1093

[run]  lambda_shared=1e-06  val NDCG@20=0.0184  test=0.0160  (825.1s)
Early stopping:
- best epoch = 40, stopped epoch = 53
- best monitored value = 0.019781 (delta = -0.001412)

VALIDATION:
...
                              | HitRatio@20 | NDCG@20 | Recall@20 | Time (s)
----------------------------- + ----------- + ------- + --------- + --------
BPR/tune/musical/causal/s2026 |      0.0741 |  0.0184 |    0.0374 |  13.3823

TEST:
...
                              | HitRatio@20 | NDCG@20 | Recall@20 | Train (s) | Test (s)
----------------------------- + ----------- + ------- + --------- + --------- + --------
BPR/tune/musical/causal/s2026 |      0.0630 |  0.0160 |    0.0345 |  801.6281 |   8.7163

[run]  lambda_shared=1e-05  val NDCG@20=0.0184  test=0.0160  (823.9s)
Early stopping:
- best epoch = 39, stopped epoch = 52
- best monitored value = 0.019590 (delta = -0.000756)

VALIDATION:
...
                              | HitRatio@20 | NDCG@20 | Recall@20 | Time (s)
----------------------------- + ----------- + ------- + --------- + --------
BPR/tune/musical/causal/s2026 |      0.0773 |  0.0188 |    0.0387 |  12.4959

TEST:
...
                              | HitRatio@20 | NDCG@20 | Recall@20 | Train (s) | Test (s)
----------------------------- + ----------- + ------- + --------- + --------- + --------
BPR/tune/musical/causal/s2026 |      0.0650 |  0.0163 |    0.0353 |  790.9990 |   8.8946

[run]  lambda_shared=0.001  val NDCG@20=0.0188  test=0.0163  (812.5s)
Early stopping:
- best epoch = 55, stopped epoch = 68
- best monitored value = 0.020590 (delta = -0.001903)

VALIDATION:
...
                              | HitRatio@20 | NDCG@20 | Recall@20 | Time (s)
----------------------------- + ----------- + ------- + --------- + --------
BPR/tune/musical/causal/s2026 |      0.0759 |  0.0187 |    0.0385 |  13.3696

TEST:
...
                              | HitRatio@20 | NDCG@20 | Recall@20 | Train (s) | Test (s)
----------------------------- + ----------- + ------- + --------- + --------- + --------
BPR/tune/musical/causal/s2026 |      0.0619 |  0.0163 |    0.0338 | 1037.2027 |   8.7484

[run]  lambda_shared=0.01  val NDCG@20=0.0187  test=0.0163  (1059.5s)
[winner@lambda_shared] lambda_shared=0.001  NDCG@20=0.0188

=== bpr [musical x causal x seed=2026] winner: {'k_embed_dim': 256, 'learning_rate': 0.05, 'lambda_shared': 0.001, 'batch_size': 4096, 'n_epochs': 1000}  val NDCG@20=0.0188  test=0.0163 ===


=== Tuning bpr on musical x causal x seed=2026, selecting on validation NDCG@20 ===
    -> /home/trustrs/causal-isolated-training/research/results/tuning/bpr/musical/causal/seed2026
[baseline] cached: val NDCG@20=0.0176

--- knob: k_embed_dim  grid=[32, 128, 256]  (default carries metric=0.0176) ---
[skip] k_embed_dim=32  val NDCG@20=0.0174  [cached]
[skip] k_embed_dim=128  val NDCG@20=0.0181  [cached]
[skip] k_embed_dim=256  val NDCG@20=0.0184  [cached]
[winner@k_embed_dim] k_embed_dim=256  NDCG@20=0.0184

--- knob: learning_rate  grid=[0.001, 0.01, 0.1]  (default carries metric=0.0184) ---
[skip] learning_rate=0.001  val NDCG@20=0.0104  [cached]
[skip] learning_rate=0.01  val NDCG@20=0.0184  [cached]
[skip] learning_rate=0.1  val NDCG@20=0.0155  [cached]
[winner@learning_rate] learning_rate=0.05  NDCG@20=0.0184 (kept default)

--- knob: lambda_shared  grid=[1e-06, 1e-05, 0.001, 0.01]  (default carries metric=0.0184) ---
[skip] lambda_shared=1e-06  val NDCG@20=0.0184  [cached]
[skip] lambda_shared=1e-05  val NDCG@20=0.0184  [cached]
[skip] lambda_shared=0.001  val NDCG@20=0.0188  [cached]
[skip] lambda_shared=0.01  val NDCG@20=0.0187  [cached]
[winner@lambda_shared] lambda_shared=0.001  NDCG@20=0.0188
[users] winner was trained before per-user scores were saved; retraining it once
Early stopping:
- best epoch = 39, stopped epoch = 52
- best monitored value = 0.019590 (delta = -0.000756)

VALIDATION:
...
                              | HitRatio@20 | NDCG@20 | Recall@20 | Time (s)
----------------------------- + ----------- + ------- + --------- + --------
BPR/tune/musical/causal/s2026 |      0.0773 |  0.0188 |    0.0387 |  12.2066

TEST:
...
                              | HitRatio@20 | NDCG@20 | Recall@20 | Train (s) | Test (s)
----------------------------- + ----------- + ------- + --------- + --------- + --------
BPR/tune/musical/causal/s2026 |      0.0650 |  0.0163 |    0.0353 |  789.6285 |  11.4731

[users] retrained winner: val NDCG@20=0.0188  test=0.0163  (813.5s)

=== bpr [musical x causal x seed=2026] winner: {'k_embed_dim': 256, 'learning_rate': 0.05, 'lambda_shared': 0.001, 'batch_size': 4096, 'n_epochs': 1000}  val NDCG@20=0.0188  test=0.0163 ===


=== Tuning bpr on musical x causal x seed=2026, selecting on validation NDCG@20 ===
    -> /home/trustrs/causal-isolated-training/research/results/tuning/bpr/musical/causal/seed2026
[baseline] cached: val NDCG@20=0.0176

--- knob: k_embed_dim  grid=[32, 128, 256]  (default carries metric=0.0176) ---
[skip] k_embed_dim=32  val NDCG@20=0.0174  [cached]
[skip] k_embed_dim=128  val NDCG@20=0.0181  [cached]
[skip] k_embed_dim=256  val NDCG@20=0.0184  [cached]
[winner@k_embed_dim] k_embed_dim=256  NDCG@20=0.0184

--- knob: learning_rate  grid=[0.001, 0.01, 0.1]  (default carries metric=0.0184) ---
[skip] learning_rate=0.001  val NDCG@20=0.0104  [cached]
[skip] learning_rate=0.01  val NDCG@20=0.0184  [cached]
[skip] learning_rate=0.1  val NDCG@20=0.0155  [cached]
[winner@learning_rate] learning_rate=0.05  NDCG@20=0.0184 (kept default)

--- knob: lambda_shared  grid=[1e-06, 1e-05, 0.001, 0.01]  (default carries metric=0.0184) ---
[skip] lambda_shared=1e-06  val NDCG@20=0.0184  [cached]
[skip] lambda_shared=1e-05  val NDCG@20=0.0184  [cached]
[skip] lambda_shared=0.001  val NDCG@20=0.0188  [cached]
[skip] lambda_shared=0.01  val NDCG@20=0.0187  [cached]
[winner@lambda_shared] lambda_shared=0.001  NDCG@20=0.0188
[users] winner per-user scores already saved

=== bpr [musical x causal x seed=2026] winner: {'k_embed_dim': 256, 'learning_rate': 0.05, 'lambda_shared': 0.001, 'batch_size': 4096, 'n_epochs': 1000}  val NDCG@20=0.0188  test=0.0163 ===


=== Tuning bpr on musical x causal x seed=2026, selecting on validation NDCG@20 ===
    -> /home/trustrs/causal-isolated-training/research/results/tuning/bpr/musical/causal/seed2026
[baseline] cached: val NDCG@20=0.0176

--- knob: k_embed_dim  grid=[32, 128, 256]  (default carries metric=0.0176) ---
[skip] k_embed_dim=32  val NDCG@20=0.0174  [cached]
[skip] k_embed_dim=128  val NDCG@20=0.0181  [cached]
[skip] k_embed_dim=256  val NDCG@20=0.0184  [cached]
[winner@k_embed_dim] k_embed_dim=256  NDCG@20=0.0184

--- knob: learning_rate  grid=[0.001, 0.01, 0.1]  (default carries metric=0.0184) ---
[skip] learning_rate=0.001  val NDCG@20=0.0104  [cached]
[skip] learning_rate=0.01  val NDCG@20=0.0184  [cached]
[skip] learning_rate=0.1  val NDCG@20=0.0155  [cached]
[winner@learning_rate] learning_rate=0.05  NDCG@20=0.0184 (kept default)

--- knob: lambda_shared  grid=[1e-06, 1e-05, 0.001, 0.01]  (default carries metric=0.0184) ---
[skip] lambda_shared=1e-06  val NDCG@20=0.0184  [cached]
[skip] lambda_shared=1e-05  val NDCG@20=0.0184  [cached]
[skip] lambda_shared=0.001  val NDCG@20=0.0188  [cached]
[skip] lambda_shared=0.01  val NDCG@20=0.0187  [cached]
[winner@lambda_shared] lambda_shared=0.001  NDCG@20=0.0188
[users] winner per-user scores already saved

=== bpr [musical x causal x seed=2026] winner: {'k_embed_dim': 256, 'learning_rate': 0.05, 'lambda_shared': 0.001, 'batch_size': 4096, 'n_epochs': 1000}  val NDCG@20=0.0188  test=0.0163 ===


=== Tuning bpr on musical x causal x seed=2026, selecting on validation NDCG@20 ===
    -> /mnt/c/Users/nguye/uniyear/causal-isolated-training/research/results/tuning/bpr/musical/causal/seed2026
[stale] baseline: selected on test or trained at another config; re-running
[baseline] running with defaults: {'k_embed_dim': 64, 'learning_rate': 0.05, 'lambda_shared': 0.0001, 'batch_size': 4096, 'n_epochs': 1000, 'early_stopping': 'off'}

VALIDATION:
...
                              | HitRatio@20 | NDCG@20 | Recall@20 | Time (s)
----------------------------- + ----------- + ------- + --------- + --------
BPR/tune/musical/causal/s2026 |      0.0488 |  0.0121 |    0.0242 |   6.9433

TEST:
...
                              | HitRatio@20 | NDCG@20 | Recall@20 | Train (s) | Test (s)
----------------------------- + ----------- + ------- + --------- + --------- + --------
BPR/tune/musical/causal/s2026 |      0.0384 |  0.0106 |    0.0211 |  967.1125 |   5.0850

[baseline] val NDCG@20=0.0121  test=0.0106  (979.4s)

--- knob: k_embed_dim  grid=[32, 128, 256]  (default carries metric=0.0121) ---
[stale] k_embed_dim=32: selected on test or trained at another config; re-running

VALIDATION:
...
                              | HitRatio@20 | NDCG@20 | Recall@20 | Time (s)
----------------------------- + ----------- + ------- + --------- + --------
BPR/tune/musical/causal/s2026 |      0.0468 |  0.0108 |    0.0218 |   5.9455

TEST:
...
                              | HitRatio@20 | NDCG@20 | Recall@20 | Train (s) | Test (s)
----------------------------- + ----------- + ------- + --------- + --------- + --------
BPR/tune/musical/causal/s2026 |      0.0398 |  0.0102 |    0.0212 |  556.4662 |   4.2832

[run]  k_embed_dim=32  val NDCG@20=0.0108  test=0.0102  (566.9s)
[stale] k_embed_dim=128: selected on test or trained at another config; re-running

VALIDATION:
...
                              | HitRatio@20 | NDCG@20 | Recall@20 | Time (s)
----------------------------- + ----------- + ------- + --------- + --------
BPR/tune/musical/causal/s2026 |      0.0524 |  0.0136 |    0.0274 |  12.9842

TEST:
...
                              | HitRatio@20 | NDCG@20 | Recall@20 | Train (s) | Test (s)
----------------------------- + ----------- + ------- + --------- + --------- + --------
BPR/tune/musical/causal/s2026 |      0.0428 |  0.0113 |    0.0234 | 1833.9666 |   9.2359

[run]  k_embed_dim=128  val NDCG@20=0.0136  test=0.0113  (1856.5s)
[stale] k_embed_dim=256: selected on test or trained at another config; re-running

VALIDATION:
...
                              | HitRatio@20 | NDCG@20 | Recall@20 | Time (s)
----------------------------- + ----------- + ------- + --------- + --------
BPR/tune/musical/causal/s2026 |      0.0527 |  0.0137 |    0.0278 |  26.3304

TEST:
...
                              | HitRatio@20 | NDCG@20 | Recall@20 | Train (s) | Test (s)
----------------------------- + ----------- + ------- + --------- + --------- + --------
BPR/tune/musical/causal/s2026 |      0.0439 |  0.0121 |    0.0248 | 3500.6000 |  18.6575

[run]  k_embed_dim=256  val NDCG@20=0.0137  test=0.0121  (3546.0s)
[winner@k_embed_dim] k_embed_dim=256  NDCG@20=0.0137

--- knob: learning_rate  grid=[0.001, 0.01, 0.1]  (default carries metric=0.0137) ---
[stale] learning_rate=0.001: selected on test or trained at another config; re-running

VALIDATION:
...
                              | HitRatio@20 | NDCG@20 | Recall@20 | Time (s)
----------------------------- + ----------- + ------- + --------- + --------
BPR/tune/musical/causal/s2026 |      0.0671 |  0.0169 |    0.0320 |  26.5049

TEST:
...
                              | HitRatio@20 | NDCG@20 | Recall@20 | Train (s) | Test (s)
----------------------------- + ----------- + ------- + --------- + --------- + --------
BPR/tune/musical/causal/s2026 |      0.0554 |  0.0140 |    0.0288 | 3530.0156 |  18.6610

[run]  learning_rate=0.001  val NDCG@20=0.0169  test=0.0140  (3575.6s)
[stale] learning_rate=0.01: selected on test or trained at another config; re-running

VALIDATION:
...
                              | HitRatio@20 | NDCG@20 | Recall@20 | Time (s)
----------------------------- + ----------- + ------- + --------- + --------
BPR/tune/musical/causal/s2026 |      0.0641 |  0.0160 |    0.0327 |  26.3906

TEST:
...
                              | HitRatio@20 | NDCG@20 | Recall@20 | Train (s) | Test (s)
----------------------------- + ----------- + ------- + --------- + --------- + --------
BPR/tune/musical/causal/s2026 |      0.0537 |  0.0142 |    0.0300 | 3500.5656 |  18.6453

[run]  learning_rate=0.01  val NDCG@20=0.0160  test=0.0142  (3546.0s)
[stale] learning_rate=0.1: selected on test or trained at another config; re-running

VALIDATION:
...
                              | HitRatio@20 | NDCG@20 | Recall@20 | Time (s)
----------------------------- + ----------- + ------- + --------- + --------
BPR/tune/musical/causal/s2026 |      0.0511 |  0.0129 |    0.0261 |  26.3405

TEST:
...
                              | HitRatio@20 | NDCG@20 | Recall@20 | Train (s) | Test (s)
----------------------------- + ----------- + ------- + --------- + --------- + --------
BPR/tune/musical/causal/s2026 |      0.0393 |  0.0106 |    0.0220 | 3497.1606 |  18.6001

[run]  learning_rate=0.1  val NDCG@20=0.0129  test=0.0106  (3542.6s)
[winner@learning_rate] learning_rate=0.001  NDCG@20=0.0169

--- knob: lambda_shared  grid=[1e-06, 1e-05, 0.001, 0.01]  (default carries metric=0.0169) ---
[stale] lambda_shared=1e-06: selected on test or trained at another config; re-running

VALIDATION:
...
                              | HitRatio@20 | NDCG@20 | Recall@20 | Time (s)
----------------------------- + ----------- + ------- + --------- + --------
BPR/tune/musical/causal/s2026 |      0.0675 |  0.0169 |    0.0323 |  25.9776

TEST:
...
                              | HitRatio@20 | NDCG@20 | Recall@20 | Train (s) | Test (s)
----------------------------- + ----------- + ------- + --------- + --------- + --------
BPR/tune/musical/causal/s2026 |      0.0559 |  0.0142 |    0.0291 | 3533.0720 |  18.2959

[run]  lambda_shared=1e-06  val NDCG@20=0.0169  test=0.0142  (3577.8s)
[stale] lambda_shared=1e-05: selected on test or trained at another config; re-running

VALIDATION:
...
                              | HitRatio@20 | NDCG@20 | Recall@20 | Time (s)
----------------------------- + ----------- + ------- + --------- + --------
BPR/tune/musical/causal/s2026 |      0.0674 |  0.0169 |    0.0323 |  26.5750

TEST:
...
                              | HitRatio@20 | NDCG@20 | Recall@20 | Train (s) | Test (s)
----------------------------- + ----------- + ------- + --------- + --------- + --------
BPR/tune/musical/causal/s2026 |      0.0559 |  0.0142 |    0.0291 | 3498.9896 |  18.6817

[run]  lambda_shared=1e-05  val NDCG@20=0.0169  test=0.0142  (3544.7s)
[stale] lambda_shared=0.001: selected on test or trained at another config; re-running

VALIDATION:
...
                              | HitRatio@20 | NDCG@20 | Recall@20 | Time (s)
----------------------------- + ----------- + ------- + --------- + --------
BPR/tune/musical/causal/s2026 |      0.0687 |  0.0173 |    0.0329 |  27.8360

TEST:
...
                              | HitRatio@20 | NDCG@20 | Recall@20 | Train (s) | Test (s)
----------------------------- + ----------- + ------- + --------- + --------- + --------
BPR/tune/musical/causal/s2026 |      0.0574 |  0.0145 |    0.0298 | 3492.7541 |  19.4006

[run]  lambda_shared=0.001  val NDCG@20=0.0173  test=0.0145  (3540.5s)
[stale] lambda_shared=0.01: selected on test or trained at another config; re-running

VALIDATION:
...
                              | HitRatio@20 | NDCG@20 | Recall@20 | Time (s)
----------------------------- + ----------- + ------- + --------- + --------
BPR/tune/musical/causal/s2026 |      0.0742 |  0.0176 |    0.0349 |  26.3388

TEST:
...
                              | HitRatio@20 | NDCG@20 | Recall@20 | Train (s) | Test (s)
----------------------------- + ----------- + ------- + --------- + --------- + --------
BPR/tune/musical/causal/s2026 |      0.0633 |  0.0153 |    0.0330 | 3516.5060 |  18.7790

[run]  lambda_shared=0.01  val NDCG@20=0.0176  test=0.0153  (3562.1s)
[winner@lambda_shared] lambda_shared=0.01  NDCG@20=0.0176
[users] winner per-user scores from lambda_shared/0p01.json

=== bpr [musical x causal x seed=2026] winner: {'k_embed_dim': 256, 'learning_rate': 0.001, 'lambda_shared': 0.01, 'batch_size': 4096, 'n_epochs': 1000, 'early_stopping': 'off'}  val NDCG@20=0.0176  test=0.0153 ===

