
=== Tuning bpr on philadelphia x causal x seed=2026, selecting on validation NDCG@20 ===
    -> /home/reno/causal-isolated-training/research/results/tuning/bpr/philadelphia/causal/seed2026
/home/reno/miniconda3/envs/leakage24/lib/python3.12/site-packages/cornac/data/dataset.py:335: UserWarning: 18484 duplicated observations are removed!
  warnings.warn("%d duplicated observations are removed!" % dup_count)
/home/reno/miniconda3/envs/leakage24/lib/python3.12/site-packages/cornac/data/dataset.py:335: UserWarning: 674 duplicated observations are removed!
  warnings.warn("%d duplicated observations are removed!" % dup_count)
/home/reno/miniconda3/envs/leakage24/lib/python3.12/site-packages/cornac/data/dataset.py:335: UserWarning: 914 duplicated observations are removed!
  warnings.warn("%d duplicated observations are removed!" % dup_count)
[baseline] running with defaults: {'k_embed_dim': 64, 'learning_rate': 0.05, 'lambda_shared': 0.0001, 'batch_size': 4096, 'n_epochs': 1000}
Early stopping:
- best epoch = 50, stopped epoch = 63
- best monitored value = 0.040646 (delta = -0.000411)

VALIDATION:
...
                                   | HitRatio@20 | NDCG@20 | Recall@20 | Time (s)
---------------------------------- + ----------- + ------- + --------- + --------
BPR/tune/philadelphia/causal/s2026 |      0.1884 |  0.0402 |    0.0676 |   4.3018

TEST:
...
                                   | HitRatio@20 | NDCG@20 | Recall@20 | Train (s) | Test (s)
---------------------------------- + ----------- + ------- + --------- + --------- + --------
BPR/tune/philadelphia/causal/s2026 |      0.1673 |  0.0369 |    0.0647 |  240.2079 |   3.4081

[baseline] val NDCG@20=0.0402  test=0.0369  (248.0s)

--- knob: k_embed_dim  grid=[32, 128, 256]  (default carries metric=0.0402) ---
Early stopping:
- best epoch = 28, stopped epoch = 41
- best monitored value = 0.037454 (delta = -0.000915)

VALIDATION:
...
                                   | HitRatio@20 | NDCG@20 | Recall@20 | Time (s)
---------------------------------- + ----------- + ------- + --------- + --------
BPR/tune/philadelphia/causal/s2026 |      0.1801 |  0.0365 |    0.0626 |   2.1340

TEST:
...
                                   | HitRatio@20 | NDCG@20 | Recall@20 | Train (s) | Test (s)
---------------------------------- + ----------- + ------- + --------- + --------- + --------
BPR/tune/philadelphia/causal/s2026 |      0.1589 |  0.0331 |    0.0574 |   94.4717 |   1.7471

[run]  k_embed_dim=32  val NDCG@20=0.0365  test=0.0331  (98.4s)
Early stopping:
- best epoch = 265, stopped epoch = 278
- best monitored value = 0.061012 (delta = -0.000704)

VALIDATION:
...
                                   | HitRatio@20 | NDCG@20 | Recall@20 | Time (s)
---------------------------------- + ----------- + ------- + --------- + --------
BPR/tune/philadelphia/causal/s2026 |      0.2264 |  0.0603 |    0.0913 |   4.2712

TEST:
...
                                   | HitRatio@20 | NDCG@20 | Recall@20 | Train (s) | Test (s)
---------------------------------- + ----------- + ------- + --------- + --------- + --------
BPR/tune/philadelphia/causal/s2026 |      0.1838 |  0.0502 |    0.0746 | 1298.5177 |   4.5003

[run]  k_embed_dim=128  val NDCG@20=0.0603  test=0.0502  (1307.4s)
Early stopping:
- best epoch = 277, stopped epoch = 290
- best monitored value = 0.068372 (delta = -0.000237)

VALIDATION:
...
                                   | HitRatio@20 | NDCG@20 | Recall@20 | Time (s)
---------------------------------- + ----------- + ------- + --------- + --------
BPR/tune/philadelphia/causal/s2026 |      0.2312 |  0.0681 |    0.0954 |   3.0715

TEST:
...
                                   | HitRatio@20 | NDCG@20 | Recall@20 | Train (s) | Test (s)
---------------------------------- + ----------- + ------- + --------- + --------- + --------
BPR/tune/philadelphia/causal/s2026 |      0.1883 |  0.0558 |    0.0777 | 1796.3800 |   2.5346

[run]  k_embed_dim=256  val NDCG@20=0.0681  test=0.0558  (1802.1s)
[winner@k_embed_dim] k_embed_dim=256  NDCG@20=0.0681

--- knob: learning_rate  grid=[0.001, 0.01, 0.1]  (default carries metric=0.0681) ---
Early stopping:
- best epoch = 163, stopped epoch = 176
- best monitored value = 0.021755 (delta = -0.000125)

VALIDATION:
...
                                   | HitRatio@20 | NDCG@20 | Recall@20 | Time (s)
---------------------------------- + ----------- + ------- + --------- + --------
BPR/tune/philadelphia/causal/s2026 |      0.1160 |  0.0216 |    0.0337 |   3.0227

TEST:
...
                                   | HitRatio@20 | NDCG@20 | Recall@20 | Train (s) | Test (s)
---------------------------------- + ----------- + ------- + --------- + --------- + --------
BPR/tune/philadelphia/causal/s2026 |      0.1084 |  0.0217 |    0.0362 | 1015.1310 |   2.4928

[run]  learning_rate=0.001  val NDCG@20=0.0216  test=0.0217  (1020.7s)
Early stopping:
- best epoch = 134, stopped epoch = 147
- best monitored value = 0.037983 (delta = -0.000320)

VALIDATION:
...
                                   | HitRatio@20 | NDCG@20 | Recall@20 | Time (s)
---------------------------------- + ----------- + ------- + --------- + --------
BPR/tune/philadelphia/causal/s2026 |      0.1835 |  0.0377 |    0.0630 |   3.7379

TEST:
...
                                   | HitRatio@20 | NDCG@20 | Recall@20 | Train (s) | Test (s)
---------------------------------- + ----------- + ------- + --------- + --------- + --------
BPR/tune/philadelphia/causal/s2026 |      0.1643 |  0.0342 |    0.0605 |  853.8826 |   2.5653

[run]  learning_rate=0.01  val NDCG@20=0.0377  test=0.0342  (860.3s)
Early stopping:
- best epoch = 192, stopped epoch = 205
- best monitored value = 0.068914 (delta = -0.000106)

VALIDATION:
...
                                   | HitRatio@20 | NDCG@20 | Recall@20 | Time (s)
---------------------------------- + ----------- + ------- + --------- + --------
BPR/tune/philadelphia/causal/s2026 |      0.2242 |  0.0688 |    0.0923 |   3.1656

TEST:
...
                                   | HitRatio@20 | NDCG@20 | Recall@20 | Train (s) | Test (s)
---------------------------------- + ----------- + ------- + --------- + --------- + --------
BPR/tune/philadelphia/causal/s2026 |      0.1839 |  0.0573 |    0.0763 | 1243.1591 |   2.7949

[run]  learning_rate=0.1  val NDCG@20=0.0688  test=0.0573  (1249.2s)
[winner@learning_rate] learning_rate=0.1  NDCG@20=0.0688

--- knob: lambda_shared  grid=[1e-06, 1e-05, 0.001, 0.01]  (default carries metric=0.0688) ---
Early stopping:
- best epoch = 268, stopped epoch = 281
- best monitored value = 0.070770 (delta = -0.000142)

VALIDATION:
...
                                   | HitRatio@20 | NDCG@20 | Recall@20 | Time (s)
---------------------------------- + ----------- + ------- + --------- + --------
BPR/tune/philadelphia/causal/s2026 |      0.2245 |  0.0706 |    0.0925 |   2.9862

TEST:
...
                                   | HitRatio@20 | NDCG@20 | Recall@20 | Train (s) | Test (s)
---------------------------------- + ----------- + ------- + --------- + --------- + --------
BPR/tune/philadelphia/causal/s2026 |      0.1787 |  0.0581 |    0.0737 | 1618.1574 |   2.5373

[run]  lambda_shared=1e-06  val NDCG@20=0.0706  test=0.0581  (1623.8s)
Early stopping:
- best epoch = 268, stopped epoch = 281
- best monitored value = 0.071195 (delta = -0.000238)

VALIDATION:
...
                                   | HitRatio@20 | NDCG@20 | Recall@20 | Time (s)
---------------------------------- + ----------- + ------- + --------- + --------
BPR/tune/philadelphia/causal/s2026 |      0.2229 |  0.0710 |    0.0924 |   3.1683

TEST:
...
                                   | HitRatio@20 | NDCG@20 | Recall@20 | Train (s) | Test (s)
---------------------------------- + ----------- + ------- + --------- + --------- + --------
BPR/tune/philadelphia/causal/s2026 |      0.1795 |  0.0585 |    0.0739 | 1631.6031 |   2.9715

[run]  lambda_shared=1e-05  val NDCG@20=0.0710  test=0.0585  (1637.8s)
Early stopping:
- best epoch = 85, stopped epoch = 98
- best monitored value = 0.057911 (delta = -0.000568)

VALIDATION:
...
                                   | HitRatio@20 | NDCG@20 | Recall@20 | Time (s)
---------------------------------- + ----------- + ------- + --------- + --------
BPR/tune/philadelphia/causal/s2026 |      0.2274 |  0.0573 |    0.0921 |   3.0609

TEST:
...
                                   | HitRatio@20 | NDCG@20 | Recall@20 | Train (s) | Test (s)
---------------------------------- + ----------- + ------- + --------- + --------- + --------
BPR/tune/philadelphia/causal/s2026 |      0.1857 |  0.0479 |    0.0751 |  572.0337 |   2.4816

[run]  lambda_shared=0.001  val NDCG@20=0.0573  test=0.0479  (577.7s)
Early stopping:
- best epoch = 82, stopped epoch = 95
- best monitored value = 0.050416 (delta = -0.000440)

VALIDATION:
...
                                   | HitRatio@20 | NDCG@20 | Recall@20 | Time (s)
---------------------------------- + ----------- + ------- + --------- + --------
BPR/tune/philadelphia/causal/s2026 |      0.2156 |  0.0500 |    0.0843 |   3.0742

TEST:
...
                                   | HitRatio@20 | NDCG@20 | Recall@20 | Train (s) | Test (s)
---------------------------------- + ----------- + ------- + --------- + --------- + --------
BPR/tune/philadelphia/causal/s2026 |      0.1760 |  0.0390 |    0.0680 |  552.4897 |   2.5457

[run]  lambda_shared=0.01  val NDCG@20=0.0500  test=0.0390  (558.2s)
[winner@lambda_shared] lambda_shared=1e-05  NDCG@20=0.0710
[users] winner per-user scores from lambda_shared/1em05.json

=== bpr [philadelphia x causal x seed=2026] winner: {'k_embed_dim': 256, 'learning_rate': 0.1, 'lambda_shared': 1e-05, 'batch_size': 4096, 'n_epochs': 1000}  val NDCG@20=0.0710  test=0.0585 ===

