
=== Tuning bpr on cellphone x uniform x seed=42, selecting on validation NDCG@20 ===
    -> /home/reno/causal-isolated-training/research/results/tuning/bpr/cellphone/uniform/seed42
[baseline] cached: val NDCG@20=0.0053

--- knob: k_embed_dim  grid=[32, 128, 256]  (default carries metric=0.0053) ---
[skip] k_embed_dim=32  val NDCG@20=0.0049  [cached]
[skip] k_embed_dim=128  val NDCG@20=0.0054  [cached]
[skip] k_embed_dim=256  val NDCG@20=0.0058  [cached]
[winner@k_embed_dim] k_embed_dim=256  NDCG@20=0.0058

--- knob: learning_rate  grid=[0.001, 0.01, 0.1]  (default carries metric=0.0058) ---
[skip] learning_rate=0.001  val NDCG@20=0.0001  [cached]
Early stopping:
- best epoch = 25, stopped epoch = 38
- best monitored value = 0.003692 (delta = -0.000494)

VALIDATION:
...
                               | HitRatio@20 | NDCG@20 | Recall@20 | Time (s)
------------------------------ + ----------- + ------- + --------- + --------
BPR/tune/cellphone/uniform/s42 |      0.0129 |  0.0032 |    0.0081 | 410.5594

TEST:
...
                               | HitRatio@20 | NDCG@20 | Recall@20 |  Train (s) | Test (s)
------------------------------ + ----------- + ------- + --------- + ---------- + --------
BPR/tune/cellphone/uniform/s42 |      0.0101 |  0.0026 |    0.0069 | 16438.1060 | 250.3238

[run]  learning_rate=0.01  val NDCG@20=0.0032  test=0.0026  (17101.0s)
Early stopping:
- best epoch = 40, stopped epoch = 53
- best monitored value = 0.006164 (delta = -0.000053)

VALIDATION:
...
                               | HitRatio@20 | NDCG@20 | Recall@20 | Time (s)
------------------------------ + ----------- + ------- + --------- + --------
BPR/tune/cellphone/uniform/s42 |      0.0198 |  0.0061 |    0.0129 | 418.5943

TEST:
...
                               | HitRatio@20 | NDCG@20 | Recall@20 |  Train (s) | Test (s)
------------------------------ + ----------- + ------- + --------- + ---------- + --------
BPR/tune/cellphone/uniform/s42 |      0.0139 |  0.0046 |    0.0100 | 22881.5747 | 250.8798

[run]  learning_rate=0.1  val NDCG@20=0.0061  test=0.0046  (23552.3s)
[winner@learning_rate] learning_rate=0.1  NDCG@20=0.0061

--- knob: lambda_shared  grid=[1e-06, 1e-05, 0.001, 0.01]  (default carries metric=0.0061) ---

=== Tuning bpr on cellphone x uniform x seed=42, selecting on validation NDCG@20 ===
    -> /home/reno/causal-isolated-training/research/results/tuning/bpr/cellphone/uniform/seed42
[baseline] cached: val NDCG@20=0.0053

--- knob: k_embed_dim  grid=[32, 128, 256]  (default carries metric=0.0053) ---
[skip] k_embed_dim=32  val NDCG@20=0.0049  [cached]
[skip] k_embed_dim=128  val NDCG@20=0.0054  [cached]
[skip] k_embed_dim=256  val NDCG@20=0.0058  [cached]
[winner@k_embed_dim] k_embed_dim=256  NDCG@20=0.0058

--- knob: learning_rate  grid=[0.001, 0.01, 0.1]  (default carries metric=0.0058) ---
[skip] learning_rate=0.001  val NDCG@20=0.0001  [cached]
[skip] learning_rate=0.01  val NDCG@20=0.0032  [cached]
[skip] learning_rate=0.1  val NDCG@20=0.0061  [cached]
[winner@learning_rate] learning_rate=0.1  NDCG@20=0.0061

--- knob: lambda_shared  grid=[1e-06, 1e-05, 0.001, 0.01]  (default carries metric=0.0061) ---
[skip] lambda_shared=1e-06  val NDCG@20=0.0061  [cached]
[skip] lambda_shared=1e-05  val NDCG@20=0.0060  [cached]
[skip] lambda_shared=0.001  val NDCG@20=0.0053  [cached]
[skip] lambda_shared=0.01  val NDCG@20=0.0058  [cached]
[winner@lambda_shared] lambda_shared=0.0001  NDCG@20=0.0061 (kept default)
[users] winner was trained before per-user scores were saved; retraining it once
Early stopping:
- best epoch = 40, stopped epoch = 53
- best monitored value = 0.006164 (delta = -0.000053)

VALIDATION:
...
                               | HitRatio@20 | NDCG@20 | Recall@20 | Time (s)
------------------------------ + ----------- + ------- + --------- + --------
BPR/tune/cellphone/uniform/s42 |      0.0198 |  0.0061 |    0.0129 | 412.9302

TEST:
...
                               | HitRatio@20 | NDCG@20 | Recall@20 |  Train (s) | Test (s)
------------------------------ + ----------- + ------- + --------- + ---------- + --------
BPR/tune/cellphone/uniform/s42 |      0.0139 |  0.0046 |    0.0100 | 23018.8360 | 247.8053

[users] retrained winner: val NDCG@20=0.0061  test=0.0046  (23680.7s)

=== bpr [cellphone x uniform x seed=42] winner: {'k_embed_dim': 256, 'learning_rate': 0.1, 'lambda_shared': 0.0001, 'batch_size': 4096, 'n_epochs': 1000}  val NDCG@20=0.0061  test=0.0046 ===


=== Tuning bpr on cellphone x uniform x seed=42, selecting on validation NDCG@20 ===
    -> /home/trustrs/causal-isolated-training/research/results/tuning/bpr/cellphone/uniform/seed42
[baseline] cached: val NDCG@20=0.0053

--- knob: k_embed_dim  grid=[32, 128, 256]  (default carries metric=0.0053) ---
[skip] k_embed_dim=32  val NDCG@20=0.0049  [cached]
[skip] k_embed_dim=128  val NDCG@20=0.0054  [cached]
[skip] k_embed_dim=256  val NDCG@20=0.0058  [cached]
[winner@k_embed_dim] k_embed_dim=256  NDCG@20=0.0058

--- knob: learning_rate  grid=[0.001, 0.01, 0.1]  (default carries metric=0.0058) ---
[skip] learning_rate=0.001  val NDCG@20=0.0001  [cached]
[skip] learning_rate=0.01  val NDCG@20=0.0032  [cached]
[skip] learning_rate=0.1  val NDCG@20=0.0061  [cached]
[winner@learning_rate] learning_rate=0.1  NDCG@20=0.0061

--- knob: lambda_shared  grid=[1e-06, 1e-05, 0.001, 0.01]  (default carries metric=0.0061) ---
[skip] lambda_shared=1e-06  val NDCG@20=0.0061  [cached]
[skip] lambda_shared=1e-05  val NDCG@20=0.0060  [cached]
[skip] lambda_shared=0.001  val NDCG@20=0.0053  [cached]
[skip] lambda_shared=0.01  val NDCG@20=0.0058  [cached]
[winner@lambda_shared] lambda_shared=0.0001  NDCG@20=0.0061 (kept default)
[users] winner per-user scores already saved

=== bpr [cellphone x uniform x seed=42] winner: {'k_embed_dim': 256, 'learning_rate': 0.1, 'lambda_shared': 0.0001, 'batch_size': 4096, 'n_epochs': 1000}  val NDCG@20=0.0061  test=0.0046 ===


=== Tuning bpr on cellphone x uniform x seed=42, selecting on validation NDCG@20 ===
    -> /home/reno/causal-isolated-training/research/results/tuning/bpr/cellphone/uniform/seed42
[stale] baseline: selected on test or trained at another config; re-running
[baseline] running with defaults: {'k_embed_dim': 64, 'learning_rate': 0.05, 'lambda_shared': 0.0001, 'batch_size': 4096, 'n_epochs': 1000, 'early_stopping': 'off'}

=== Tuning bpr on cellphone x uniform x seed=42, selecting on validation NDCG@20 ===
    -> /home/reno/causal-isolated-training/research/results/tuning/bpr/cellphone/uniform/seed42
[stale] baseline: selected on test or trained at another config; re-running
[baseline] running with defaults: {'k_embed_dim': 64, 'learning_rate': 0.05, 'lambda_shared': 0.0001, 'batch_size': 4096, 'n_epochs': 1000, 'early_stopping': 'off'}

VALIDATION:
...
                               | HitRatio@20 | NDCG@20 | Recall@20 | Time (s)
------------------------------ + ----------- + ------- + --------- + --------
BPR/tune/cellphone/uniform/s42 |      0.0149 |  0.0045 |    0.0096 | 158.2918

TEST:
...
                               | HitRatio@20 | NDCG@20 | Recall@20 | Train (s) | Test (s)
------------------------------ + ----------- + ------- + --------- + --------- + --------
BPR/tune/cellphone/uniform/s42 |      0.0109 |  0.0036 |    0.0076 | 3924.7923 |  93.5938

[baseline] val NDCG@20=0.0045  test=0.0036  (4177.3s)

--- knob: k_embed_dim  grid=[32, 128, 256]  (default carries metric=0.0045) ---
[stale] k_embed_dim=32: selected on test or trained at another config; re-running

VALIDATION:
...
                               | HitRatio@20 | NDCG@20 | Recall@20 | Time (s)
------------------------------ + ----------- + ------- + --------- + --------
BPR/tune/cellphone/uniform/s42 |      0.0128 |  0.0037 |    0.0081 | 109.1414

TEST:
...
                               | HitRatio@20 | NDCG@20 | Recall@20 | Train (s) | Test (s)
------------------------------ + ----------- + ------- + --------- + --------- + --------
BPR/tune/cellphone/uniform/s42 |      0.0101 |  0.0029 |    0.0069 | 2276.0300 |  66.9406

[run]  k_embed_dim=32  val NDCG@20=0.0037  test=0.0029  (2452.7s)
[stale] k_embed_dim=128: selected on test or trained at another config; re-running

VALIDATION:
...
                               | HitRatio@20 | NDCG@20 | Recall@20 | Time (s)
------------------------------ + ----------- + ------- + --------- + --------
BPR/tune/cellphone/uniform/s42 |      0.0173 |  0.0053 |    0.0112 | 244.9540

TEST:
...
                               | HitRatio@20 | NDCG@20 | Recall@20 | Train (s) | Test (s)
------------------------------ + ----------- + ------- + --------- + --------- + --------
BPR/tune/cellphone/uniform/s42 |      0.0132 |  0.0043 |    0.0096 | 7109.5734 | 147.9967

[run]  k_embed_dim=128  val NDCG@20=0.0053  test=0.0043  (7503.4s)
[stale] k_embed_dim=256: selected on test or trained at another config; re-running
