
=== Tuning neumf on cellphone x causal x seed=42, selecting on validation NDCG@20 ===
    -> /mnt/c/Users/nguye/uniyear/causal-isolated-training/research/results/tuning/neumf-pretrain/cellphone/causal/seed42
[baseline] running with defaults: {'num_factors': 8, 'mlp_hidden_count': 3, 'learning_rate': 0.001, 'num_neg': 4, 'batch_size': 256}

VALIDATION:
...
                                | HitRatio@20 | NDCG@20 | Recall@20 | Time (s)
------------------------------- + ----------- + ------- + --------- + --------
NeuMF/tune/cellphone/causal/s42 |      0.0136 |  0.0031 |    0.0085 | 262.0543

TEST:
...
                                | HitRatio@20 | NDCG@20 | Recall@20 | Train (s) | Test (s)
------------------------------- + ----------- + ------- + --------- + --------- + --------
NeuMF/tune/cellphone/causal/s42 |      0.0081 |  0.0019 |    0.0059 | 2526.1786 | 159.0481

[baseline] val NDCG@20=0.0031  test=0.0019  (2948.7s)

--- knob: num_factors  grid=[16, 32, 64]  (default carries metric=0.0031) ---

VALIDATION:
...
                                | HitRatio@20 | NDCG@20 | Recall@20 | Time (s)
------------------------------- + ----------- + ------- + --------- + --------
NeuMF/tune/cellphone/causal/s42 |      0.0166 |  0.0041 |    0.0106 | 382.5926

TEST:
...
                                | HitRatio@20 | NDCG@20 | Recall@20 | Train (s) | Test (s)
------------------------------- + ----------- + ------- + --------- + --------- + --------
NeuMF/tune/cellphone/causal/s42 |      0.0114 |  0.0029 |    0.0080 | 4312.2843 | 230.9127

[run]  num_factors=16  val NDCG@20=0.0041  test=0.0029  (4927.5s)

VALIDATION:
...
                                | HitRatio@20 | NDCG@20 | Recall@20 | Time (s)
------------------------------- + ----------- + ------- + --------- + --------
NeuMF/tune/cellphone/causal/s42 |      0.0216 |  0.0060 |    0.0138 | 630.3703

TEST:
...
                                | HitRatio@20 | NDCG@20 | Recall@20 | Train (s) | Test (s)
------------------------------- + ----------- + ------- + --------- + --------- + --------
NeuMF/tune/cellphone/causal/s42 |      0.0156 |  0.0047 |    0.0113 | 7639.4743 | 377.1255

[run]  num_factors=32  val NDCG@20=0.0060  test=0.0047  (8649.5s)
