
=== Tuning neumf on musical x causal x seed=42, selecting on NDCG@20 ===
    -> /mnt/c/Users/nguye/uniyear/causal-isolated-training/research/results/tuning/neumf-pretrain/musical/causal/seed42
[baseline] running with defaults: {'num_factors': 8, 'mlp_hidden_count': 3, 'learning_rate': 0.001, 'num_neg': 4, 'batch_size': 256}

VALIDATION:
...
                              | HitRatio@20 | NDCG@20 | Recall@20 | Time (s)
----------------------------- + ----------- + ------- + --------- + --------
NeuMF/tune/musical/causal/s42 |      0.0579 |  0.0128 |    0.0276 |  17.3244

TEST:
...
                              | HitRatio@20 | NDCG@20 | Recall@20 | Train (s) | Test (s)
----------------------------- + ----------- + ------- + --------- + --------- + --------
NeuMF/tune/musical/causal/s42 |      0.0445 |  0.0107 |    0.0239 |  223.4030 |  12.2423

[baseline] NDCG@20=0.0107  (253.2s)

--- knob: num_factors  grid=[16, 32, 64]  (default carries metric=0.0107) ---

VALIDATION:
...
                              | HitRatio@20 | NDCG@20 | Recall@20 | Time (s)
----------------------------- + ----------- + ------- + --------- + --------
NeuMF/tune/musical/causal/s42 |      0.0514 |  0.0106 |    0.0244 |  22.9478

TEST:
...
                              | HitRatio@20 | NDCG@20 | Recall@20 | Train (s) | Test (s)
----------------------------- + ----------- + ------- + --------- + --------- + --------
NeuMF/tune/musical/causal/s42 |      0.0433 |  0.0103 |    0.0231 |  278.2862 |  16.2594

[run]  num_factors=16  NDCG@20=0.0103  (317.7s)

VALIDATION:
...
                              | HitRatio@20 | NDCG@20 | Recall@20 | Time (s)
----------------------------- + ----------- + ------- + --------- + --------
NeuMF/tune/musical/causal/s42 |      0.0520 |  0.0122 |    0.0252 |  39.8776

TEST:
...
                              | HitRatio@20 | NDCG@20 | Recall@20 | Train (s) | Test (s)
----------------------------- + ----------- + ------- + --------- + --------- + --------
NeuMF/tune/musical/causal/s42 |      0.0439 |  0.0110 |    0.0235 |  404.9216 |  27.9763

[run]  num_factors=32  NDCG@20=0.0110  (473.2s)

VALIDATION:
...
                              | HitRatio@20 | NDCG@20 | Recall@20 | Time (s)
----------------------------- + ----------- + ------- + --------- + --------
NeuMF/tune/musical/causal/s42 |      0.0526 |  0.0125 |    0.0259 |  89.2797

TEST:
...
                              | HitRatio@20 | NDCG@20 | Recall@20 | Train (s) | Test (s)
----------------------------- + ----------- + ------- + --------- + --------- + --------
NeuMF/tune/musical/causal/s42 |      0.0472 |  0.0114 |    0.0245 |  658.6896 |  62.7766

[run]  num_factors=64  NDCG@20=0.0114  (811.4s)
[winner@num_factors] num_factors=64  NDCG@20=0.0114

--- knob: mlp_hidden_count  grid=[4]  (default carries metric=0.0114) ---

VALIDATION:
...
                              | HitRatio@20 | NDCG@20 | Recall@20 | Time (s)
----------------------------- + ----------- + ------- + --------- + --------
NeuMF/tune/musical/causal/s42 |      0.0498 |  0.0117 |    0.0240 | 207.4079

TEST:
...
                              | HitRatio@20 | NDCG@20 | Recall@20 | Train (s) | Test (s)
----------------------------- + ----------- + ------- + --------- + --------- + --------
NeuMF/tune/musical/causal/s42 |      0.0435 |  0.0107 |    0.0232 | 1089.2934 | 149.2893

[run]  mlp_hidden_count=4  NDCG@20=0.0107  (1447.1s)
[winner@mlp_hidden_count] mlp_hidden_count=3  NDCG@20=0.0114 (kept default)

--- knob: learning_rate  grid=[0.0001, 0.0005, 0.005]  (default carries metric=0.0114) ---

VALIDATION:
...
                              | HitRatio@20 | NDCG@20 | Recall@20 | Time (s)
----------------------------- + ----------- + ------- + --------- + --------
NeuMF/tune/musical/causal/s42 |      0.0454 |  0.0114 |    0.0224 |  89.4658

TEST:
...
                              | HitRatio@20 | NDCG@20 | Recall@20 | Train (s) | Test (s)
----------------------------- + ----------- + ------- + --------- + --------- + --------
NeuMF/tune/musical/causal/s42 |      0.0394 |  0.0098 |    0.0199 |  656.4211 |  62.8807

[run]  learning_rate=0.0001  NDCG@20=0.0098  (809.4s)

VALIDATION:
...
                              | HitRatio@20 | NDCG@20 | Recall@20 | Time (s)
----------------------------- + ----------- + ------- + --------- + --------
NeuMF/tune/musical/causal/s42 |      0.0596 |  0.0136 |    0.0278 |  97.5930

TEST:
...
                              | HitRatio@20 | NDCG@20 | Recall@20 | Train (s) | Test (s)
----------------------------- + ----------- + ------- + --------- + --------- + --------
NeuMF/tune/musical/causal/s42 |      0.0441 |  0.0112 |    0.0231 |  697.0444 |  68.1492

[run]  learning_rate=0.0005  NDCG@20=0.0112  (863.6s)

VALIDATION:
...
                              | HitRatio@20 | NDCG@20 | Recall@20 | Time (s)
----------------------------- + ----------- + ------- + --------- + --------
NeuMF/tune/musical/causal/s42 |      0.0457 |  0.0106 |    0.0222 |  97.1357

TEST:
...
                              | HitRatio@20 | NDCG@20 | Recall@20 | Train (s) | Test (s)
----------------------------- + ----------- + ------- + --------- + --------- + --------
NeuMF/tune/musical/causal/s42 |      0.0393 |  0.0098 |    0.0207 |  738.1183 |  67.7573

[run]  learning_rate=0.005  NDCG@20=0.0098  (904.0s)
[winner@learning_rate] learning_rate=0.001  NDCG@20=0.0114 (kept default)

--- knob: batch_size  grid=[128, 512, 1024]  (default carries metric=0.0114) ---

VALIDATION:
...
                              | HitRatio@20 | NDCG@20 | Recall@20 | Time (s)
----------------------------- + ----------- + ------- + --------- + --------
NeuMF/tune/musical/causal/s42 |      0.0453 |  0.0108 |    0.0226 |  91.5831

TEST:
...
                              | HitRatio@20 | NDCG@20 | Recall@20 | Train (s) | Test (s)
----------------------------- + ----------- + ------- + --------- + --------- + --------
NeuMF/tune/musical/causal/s42 |      0.0396 |  0.0100 |    0.0212 | 1346.7438 |  63.8552

[run]  batch_size=128  NDCG@20=0.0100  (1503.0s)

VALIDATION:
...
                              | HitRatio@20 | NDCG@20 | Recall@20 | Time (s)
----------------------------- + ----------- + ------- + --------- + --------
NeuMF/tune/musical/causal/s42 |      0.0597 |  0.0145 |    0.0298 |  89.6097

TEST:
...
                              | HitRatio@20 | NDCG@20 | Recall@20 | Train (s) | Test (s)
----------------------------- + ----------- + ------- + --------- + --------- + --------
NeuMF/tune/musical/causal/s42 |      0.0502 |  0.0129 |    0.0271 |  378.6793 |  63.0245

[run]  batch_size=512  NDCG@20=0.0129  (532.0s)

VALIDATION:
...
                              | HitRatio@20 | NDCG@20 | Recall@20 | Time (s)
----------------------------- + ----------- + ------- + --------- + --------
NeuMF/tune/musical/causal/s42 |      0.0626 |  0.0149 |    0.0308 |  89.6325

TEST:
...
                              | HitRatio@20 | NDCG@20 | Recall@20 | Train (s) | Test (s)
----------------------------- + ----------- + ------- + --------- + --------- + --------
NeuMF/tune/musical/causal/s42 |      0.0545 |  0.0135 |    0.0296 |  229.2774 |  63.0305

[run]  batch_size=1024  NDCG@20=0.0135  (382.6s)
[winner@batch_size] batch_size=1024  NDCG@20=0.0135

=== neumf [musical x causal x seed=42] winner: {'num_factors': 64, 'mlp_hidden_count': 3, 'learning_rate': 0.001, 'num_neg': 4, 'batch_size': 1024}  NDCG@20=0.0135 ===

