
=== Tuning neumf on cellphone x uniform x seed=123, selecting on validation NDCG@20 ===
    -> /mnt/c/Users/nguye/uniyear/causal-isolated-training/research/results/tuning/neumf-pretrain/cellphone/uniform/seed123
[baseline] running with defaults: {'num_factors': 8, 'mlp_hidden_count': 3, 'learning_rate': 0.001, 'num_neg': 4, 'batch_size': 256}

=== Tuning neumf on cellphone x uniform x seed=123, selecting on validation NDCG@20 ===
    -> /mnt/c/Users/nguye/uniyear/causal-isolated-training/research/results/tuning/neumf-pretrain/cellphone/uniform/seed123
[baseline] running with defaults: {'num_factors': 8, 'mlp_hidden_count': 3, 'learning_rate': 0.001, 'num_neg': 4, 'batch_size': 256}

VALIDATION:
...
                                  | HitRatio@20 | NDCG@20 | Recall@20 | Time (s)
--------------------------------- + ----------- + ------- + --------- + --------
NeuMF/tune/cellphone/uniform/s123 |      0.0113 |  0.0030 |    0.0074 | 269.8834

TEST:
...
                                  | HitRatio@20 | NDCG@20 | Recall@20 | Train (s) | Test (s)
--------------------------------- + ----------- + ------- + --------- + --------- + --------
NeuMF/tune/cellphone/uniform/s123 |      0.0087 |  0.0025 |    0.0063 | 2571.1138 | 163.9370

[baseline] val NDCG@20=0.0030  test=0.0025  (3006.6s)

--- knob: num_factors  grid=[16, 32, 64]  (default carries metric=0.0030) ---

VALIDATION:
...
                                  | HitRatio@20 | NDCG@20 | Recall@20 | Time (s)
--------------------------------- + ----------- + ------- + --------- + --------
NeuMF/tune/cellphone/uniform/s123 |      0.0130 |  0.0036 |    0.0085 | 394.7588

TEST:
...
                                  | HitRatio@20 | NDCG@20 | Recall@20 | Train (s) | Test (s)
--------------------------------- + ----------- + ------- + --------- + --------- + --------
NeuMF/tune/cellphone/uniform/s123 |      0.0097 |  0.0028 |    0.0070 | 4364.4706 | 236.7219

[run]  num_factors=16  val NDCG@20=0.0036  test=0.0028  (4997.7s)

VALIDATION:
...
                                  | HitRatio@20 | NDCG@20 | Recall@20 | Time (s)
--------------------------------- + ----------- + ------- + --------- + --------
NeuMF/tune/cellphone/uniform/s123 |      0.0123 |  0.0036 |    0.0082 | 645.7782

TEST:
...
                                  | HitRatio@20 | NDCG@20 | Recall@20 | Train (s) | Test (s)
--------------------------------- + ----------- + ------- + --------- + --------- + --------
NeuMF/tune/cellphone/uniform/s123 |      0.0095 |  0.0029 |    0.0069 | 7738.7048 | 384.7670

[run]  num_factors=32  val NDCG@20=0.0036  test=0.0029  (8772.0s)

VALIDATION:
...
                                  | HitRatio@20 | NDCG@20 | Recall@20 |  Time (s)
--------------------------------- + ----------- + ------- + --------- + ---------
NeuMF/tune/cellphone/uniform/s123 |      0.0114 |  0.0031 |    0.0073 | 1263.7931

TEST:
...
                                  | HitRatio@20 | NDCG@20 | Recall@20 |  Train (s) | Test (s)
--------------------------------- + ----------- + ------- + --------- + ---------- + --------
NeuMF/tune/cellphone/uniform/s123 |      0.0089 |  0.0027 |    0.0064 | 14323.0787 | 755.3241

[run]  num_factors=64  val NDCG@20=0.0031  test=0.0027  (16349.1s)
[winner@num_factors] num_factors=32  NDCG@20=0.0036

--- knob: mlp_hidden_count  grid=[4]  (default carries metric=0.0036) ---

VALIDATION:
...
                                  | HitRatio@20 | NDCG@20 | Recall@20 |  Time (s)
--------------------------------- + ----------- + ------- + --------- + ---------
NeuMF/tune/cellphone/uniform/s123 |      0.0102 |  0.0029 |    0.0067 | 1229.1689

TEST:
...
                                  | HitRatio@20 | NDCG@20 | Recall@20 |  Train (s) | Test (s)
--------------------------------- + ----------- + ------- + --------- + ---------- + --------
NeuMF/tune/cellphone/uniform/s123 |      0.0077 |  0.0023 |    0.0053 | 12934.2730 | 734.0253

[run]  mlp_hidden_count=4  val NDCG@20=0.0029  test=0.0023  (14904.0s)
[winner@mlp_hidden_count] mlp_hidden_count=3  NDCG@20=0.0036 (kept default)

--- knob: learning_rate  grid=[0.0001, 0.0005, 0.005]  (default carries metric=0.0036) ---

VALIDATION:
...
                                  | HitRatio@20 | NDCG@20 | Recall@20 | Time (s)
--------------------------------- + ----------- + ------- + --------- + --------
NeuMF/tune/cellphone/uniform/s123 |      0.0136 |  0.0039 |    0.0089 | 641.5778

TEST:
...
                                  | HitRatio@20 | NDCG@20 | Recall@20 | Train (s) | Test (s)
--------------------------------- + ----------- + ------- + --------- + --------- + --------
NeuMF/tune/cellphone/uniform/s123 |      0.0104 |  0.0031 |    0.0076 | 7710.5336 | 383.4656

[run]  learning_rate=0.0001  val NDCG@20=0.0039  test=0.0031  (8738.4s)

VALIDATION:
...
                                  | HitRatio@20 | NDCG@20 | Recall@20 | Time (s)
--------------------------------- + ----------- + ------- + --------- + --------
NeuMF/tune/cellphone/uniform/s123 |      0.0134 |  0.0038 |    0.0088 | 647.0822

TEST:
...
                                  | HitRatio@20 | NDCG@20 | Recall@20 | Train (s) | Test (s)
--------------------------------- + ----------- + ------- + --------- + --------- + --------
NeuMF/tune/cellphone/uniform/s123 |      0.0109 |  0.0034 |    0.0079 | 7738.0685 | 388.6765

[run]  learning_rate=0.0005  val NDCG@20=0.0038  test=0.0034  (8779.1s)

VALIDATION:
...
                                  | HitRatio@20 | NDCG@20 | Recall@20 | Time (s)
--------------------------------- + ----------- + ------- + --------- + --------
NeuMF/tune/cellphone/uniform/s123 |      0.0116 |  0.0034 |    0.0075 | 675.9665

TEST:
...
                                  | HitRatio@20 | NDCG@20 | Recall@20 | Train (s) | Test (s)
--------------------------------- + ----------- + ------- + --------- + --------- + --------
NeuMF/tune/cellphone/uniform/s123 |      0.0090 |  0.0027 |    0.0064 | 7923.8140 | 401.3643

[run]  learning_rate=0.005  val NDCG@20=0.0034  test=0.0027  (9006.6s)
[winner@learning_rate] learning_rate=0.0001  NDCG@20=0.0039

--- knob: batch_size  grid=[128, 512, 1024]  (default carries metric=0.0039) ---

VALIDATION:
...
                                  | HitRatio@20 | NDCG@20 | Recall@20 | Time (s)
--------------------------------- + ----------- + ------- + --------- + --------
NeuMF/tune/cellphone/uniform/s123 |      0.0124 |  0.0035 |    0.0080 | 695.6159

TEST:
...
                                  | HitRatio@20 | NDCG@20 | Recall@20 |  Train (s) | Test (s)
--------------------------------- + ----------- + ------- + --------- + ---------- + --------
NeuMF/tune/cellphone/uniform/s123 |      0.0098 |  0.0030 |    0.0072 | 16171.7669 | 415.8497

[run]  batch_size=128  val NDCG@20=0.0035  test=0.0030  (17288.8s)

VALIDATION:
...
                                  | HitRatio@20 | NDCG@20 | Recall@20 | Time (s)
--------------------------------- + ----------- + ------- + --------- + --------
NeuMF/tune/cellphone/uniform/s123 |      0.0136 |  0.0038 |    0.0088 | 694.8833

TEST:
...
                                  | HitRatio@20 | NDCG@20 | Recall@20 | Train (s) | Test (s)
--------------------------------- + ----------- + ------- + --------- + --------- + --------
NeuMF/tune/cellphone/uniform/s123 |      0.0109 |  0.0033 |    0.0079 | 4237.8030 | 415.2676

[run]  batch_size=512  val NDCG@20=0.0038  test=0.0033  (5351.1s)

VALIDATION:
...
                                  | HitRatio@20 | NDCG@20 | Recall@20 | Time (s)
--------------------------------- + ----------- + ------- + --------- + --------
NeuMF/tune/cellphone/uniform/s123 |      0.0151 |  0.0042 |    0.0099 | 692.7037

TEST:
...
                                  | HitRatio@20 | NDCG@20 | Recall@20 | Train (s) | Test (s)
--------------------------------- + ----------- + ------- + --------- + --------- + --------
NeuMF/tune/cellphone/uniform/s123 |      0.0118 |  0.0037 |    0.0084 | 2278.1225 | 418.4790

[run]  batch_size=1024  val NDCG@20=0.0042  test=0.0037  (3392.2s)
[winner@batch_size] batch_size=1024  NDCG@20=0.0042
[users] winner per-user scores from batch_size/1024.json

=== neumf [cellphone x uniform x seed=123] winner: {'num_factors': 32, 'mlp_hidden_count': 3, 'learning_rate': 0.0001, 'num_neg': 4, 'batch_size': 1024}  val NDCG@20=0.0042  test=0.0037 ===

