
=== Tuning neumf on baby x uniform x seed=123, selecting on validation NDCG@20 ===
    -> /mnt/c/Users/nguye/uniyear/causal-isolated-training/research/results/tuning/neumf-pretrain/baby/uniform/seed123
[baseline] running with defaults: {'num_factors': 8, 'mlp_hidden_count': 3, 'learning_rate': 0.001, 'num_neg': 4, 'batch_size': 256}

VALIDATION:
...
                             | HitRatio@20 | NDCG@20 | Recall@20 | Time (s)
---------------------------- + ----------- + ------- + --------- + --------
NeuMF/tune/baby/uniform/s123 |      0.0341 |  0.0082 |    0.0177 |  34.2746

TEST:
...
                             | HitRatio@20 | NDCG@20 | Recall@20 | Train (s) | Test (s)
---------------------------- + ----------- + ------- + --------- + --------- + --------
NeuMF/tune/baby/uniform/s123 |      0.0268 |  0.0067 |    0.0155 |  746.5629 |  19.7012

[baseline] val NDCG@20=0.0082  test=0.0067  (801.1s)

--- knob: num_factors  grid=[16, 32, 64]  (default carries metric=0.0082) ---

VALIDATION:
...
                             | HitRatio@20 | NDCG@20 | Recall@20 | Time (s)
---------------------------- + ----------- + ------- + --------- + --------
NeuMF/tune/baby/uniform/s123 |      0.0241 |  0.0050 |    0.0118 |  48.4915

TEST:
...
                             | HitRatio@20 | NDCG@20 | Recall@20 | Train (s) | Test (s)
---------------------------- + ----------- + ------- + --------- + --------- + --------
NeuMF/tune/baby/uniform/s123 |      0.0153 |  0.0035 |    0.0087 | 1071.7923 |  27.7542

[run]  num_factors=16  val NDCG@20=0.0050  test=0.0035  (1148.9s)
