
=== Tuning bpr on baby x uniform x seed=2026, selecting on validation NDCG@20 ===
    -> /home/trustrs/causal-isolated-training/research/results/tuning/bpr/baby/uniform/seed2026
[baseline] running with defaults: {'k_embed_dim': 64, 'learning_rate': 0.05, 'lambda_shared': 0.0001, 'batch_size': 4096, 'n_epochs': 1000}
Early stopping:
- best epoch = 21, stopped epoch = 34
- best monitored value = 0.008617 (delta = -0.000789)

VALIDATION:
...
                            | HitRatio@20 | NDCG@20 | Recall@20 | Time (s)
--------------------------- + ----------- + ------- + --------- + --------
BPR/tune/baby/uniform/s2026 |      0.0342 |  0.0078 |    0.0174 |  16.4863

TEST:
...
                            | HitRatio@20 | NDCG@20 | Recall@20 | Train (s) | Test (s)
--------------------------- + ----------- + ------- + --------- + --------- + --------
BPR/tune/baby/uniform/s2026 |      0.0245 |  0.0060 |    0.0137 |  618.8059 |   9.7468

[baseline] val NDCG@20=0.0078  test=0.0060  (645.3s)

--- knob: k_embed_dim  grid=[32, 128, 256]  (default carries metric=0.0078) ---
Early stopping:
- best epoch = 34, stopped epoch = 47
- best monitored value = 0.008104 (delta = -0.001123)

VALIDATION:
...
                            | HitRatio@20 | NDCG@20 | Recall@20 | Time (s)
--------------------------- + ----------- + ------- + --------- + --------
BPR/tune/baby/uniform/s2026 |      0.0301 |  0.0070 |    0.0150 |  16.5991

TEST:
...
                            | HitRatio@20 | NDCG@20 | Recall@20 | Train (s) | Test (s)
--------------------------- + ----------- + ------- + --------- + --------- + --------
BPR/tune/baby/uniform/s2026 |      0.0215 |  0.0054 |    0.0119 |  805.6458 |   9.5445

[run]  k_embed_dim=32  val NDCG@20=0.0070  test=0.0054  (832.0s)
Early stopping:
- best epoch = 27, stopped epoch = 40
- best monitored value = 0.009265 (delta = -0.001547)

VALIDATION:
...
                            | HitRatio@20 | NDCG@20 | Recall@20 | Time (s)
--------------------------- + ----------- + ------- + --------- + --------
BPR/tune/baby/uniform/s2026 |      0.0324 |  0.0077 |    0.0161 |  19.3360

TEST:
...
                            | HitRatio@20 | NDCG@20 | Recall@20 | Train (s) | Test (s)
--------------------------- + ----------- + ------- + --------- + --------- + --------
BPR/tune/baby/uniform/s2026 |      0.0242 |  0.0058 |    0.0128 |  940.3309 |  11.8469

[run]  k_embed_dim=128  val NDCG@20=0.0077  test=0.0058  (971.8s)
Early stopping:
- best epoch = 27, stopped epoch = 40
- best monitored value = 0.009906 (delta = -0.001436)

VALIDATION:
...
                            | HitRatio@20 | NDCG@20 | Recall@20 | Time (s)
--------------------------- + ----------- + ------- + --------- + --------
BPR/tune/baby/uniform/s2026 |      0.0358 |  0.0085 |    0.0176 |  29.5216

TEST:
...
                            | HitRatio@20 | NDCG@20 | Recall@20 | Train (s) | Test (s)
--------------------------- + ----------- + ------- + --------- + --------- + --------
BPR/tune/baby/uniform/s2026 |      0.0254 |  0.0058 |    0.0136 | 1489.0633 |  18.2344

[run]  k_embed_dim=256  val NDCG@20=0.0085  test=0.0058  (1537.1s)
[winner@k_embed_dim] k_embed_dim=256  NDCG@20=0.0085

--- knob: learning_rate  grid=[0.001, 0.01, 0.1]  (default carries metric=0.0085) ---
Early stopping:
- best epoch = 127, stopped epoch = 140
- best monitored value = 0.005826 (delta = -0.000184)

VALIDATION:
...
                            | HitRatio@20 | NDCG@20 | Recall@20 | Time (s)
--------------------------- + ----------- + ------- + --------- + --------
BPR/tune/baby/uniform/s2026 |      0.0263 |  0.0056 |    0.0125 |  30.5899

TEST:
...
                            | HitRatio@20 | NDCG@20 | Recall@20 | Train (s) | Test (s)
--------------------------- + ----------- + ------- + --------- + --------- + --------
BPR/tune/baby/uniform/s2026 |      0.0197 |  0.0039 |    0.0097 | 5159.1713 |  17.2587

[run]  learning_rate=0.001  val NDCG@20=0.0056  test=0.0039  (5207.4s)
Early stopping:
- best epoch = 13, stopped epoch = 26
- best monitored value = 0.005643 (delta = -0.001129)

VALIDATION:
...
                            | HitRatio@20 | NDCG@20 | Recall@20 | Time (s)
--------------------------- + ----------- + ------- + --------- + --------
BPR/tune/baby/uniform/s2026 |      0.0240 |  0.0045 |    0.0107 |  29.1087

TEST:
...
                            | HitRatio@20 | NDCG@20 | Recall@20 | Train (s) | Test (s)
--------------------------- + ----------- + ------- + --------- + --------- + --------
BPR/tune/baby/uniform/s2026 |      0.0165 |  0.0031 |    0.0079 |  949.4002 |  16.6833

[run]  learning_rate=0.01  val NDCG@20=0.0045  test=0.0031  (995.5s)
Early stopping:
- best epoch = 19, stopped epoch = 32
- best monitored value = 0.009425 (delta = -0.001239)

VALIDATION:
...
                            | HitRatio@20 | NDCG@20 | Recall@20 | Time (s)
--------------------------- + ----------- + ------- + --------- + --------
BPR/tune/baby/uniform/s2026 |      0.0336 |  0.0082 |    0.0171 |  30.0567

TEST:
...
                            | HitRatio@20 | NDCG@20 | Recall@20 | Train (s) | Test (s)
--------------------------- + ----------- + ------- + --------- + --------- + --------
BPR/tune/baby/uniform/s2026 |      0.0224 |  0.0058 |    0.0131 | 1186.0174 |  17.3041

[run]  learning_rate=0.1  val NDCG@20=0.0082  test=0.0058  (1233.7s)
[winner@learning_rate] learning_rate=0.05  NDCG@20=0.0085 (kept default)

--- knob: lambda_shared  grid=[1e-06, 1e-05, 0.001, 0.01]  (default carries metric=0.0085) ---
Early stopping:
- best epoch = 27, stopped epoch = 40
- best monitored value = 0.009940 (delta = -0.001351)

VALIDATION:
...
                            | HitRatio@20 | NDCG@20 | Recall@20 | Time (s)
--------------------------- + ----------- + ------- + --------- + --------
BPR/tune/baby/uniform/s2026 |      0.0357 |  0.0086 |    0.0178 |  31.0601

TEST:
...
                            | HitRatio@20 | NDCG@20 | Recall@20 | Train (s) | Test (s)
--------------------------- + ----------- + ------- + --------- + --------- + --------
BPR/tune/baby/uniform/s2026 |      0.0258 |  0.0058 |    0.0138 | 1481.0686 |  16.8968

[run]  lambda_shared=1e-06  val NDCG@20=0.0086  test=0.0058  (1529.4s)
Early stopping:
- best epoch = 27, stopped epoch = 40
- best monitored value = 0.009953 (delta = -0.001376)

VALIDATION:
...
                            | HitRatio@20 | NDCG@20 | Recall@20 | Time (s)
--------------------------- + ----------- + ------- + --------- + --------
BPR/tune/baby/uniform/s2026 |      0.0358 |  0.0086 |    0.0178 |  31.9131

TEST:
...
                            | HitRatio@20 | NDCG@20 | Recall@20 | Train (s) | Test (s)
--------------------------- + ----------- + ------- + --------- + --------- + --------
BPR/tune/baby/uniform/s2026 |      0.0258 |  0.0058 |    0.0138 | 1471.0719 |  16.7816

[run]  lambda_shared=1e-05  val NDCG@20=0.0086  test=0.0058  (1520.1s)
Early stopping:
- best epoch = 34, stopped epoch = 47
- best monitored value = 0.009714 (delta = -0.001567)

VALIDATION:
...
                            | HitRatio@20 | NDCG@20 | Recall@20 | Time (s)
--------------------------- + ----------- + ------- + --------- + --------
BPR/tune/baby/uniform/s2026 |      0.0335 |  0.0081 |    0.0171 |  30.1831

TEST:
...
                            | HitRatio@20 | NDCG@20 | Recall@20 | Train (s) | Test (s)
--------------------------- + ----------- + ------- + --------- + --------- + --------
BPR/tune/baby/uniform/s2026 |      0.0242 |  0.0057 |    0.0134 | 1738.4247 |  16.8451

[run]  lambda_shared=0.001  val NDCG@20=0.0081  test=0.0057  (1785.8s)
Early stopping:
- best epoch = 9, stopped epoch = 22
- best monitored value = 0.009043 (delta = -0.002456)

VALIDATION:
...
                            | HitRatio@20 | NDCG@20 | Recall@20 | Time (s)
--------------------------- + ----------- + ------- + --------- + --------
BPR/tune/baby/uniform/s2026 |      0.0333 |  0.0066 |    0.0161 |  30.4578

TEST:
...
                            | HitRatio@20 | NDCG@20 | Recall@20 | Train (s) | Test (s)
--------------------------- + ----------- + ------- + --------- + --------- + --------
BPR/tune/baby/uniform/s2026 |      0.0234 |  0.0048 |    0.0128 |  807.7905 |  16.8669

[run]  lambda_shared=0.01  val NDCG@20=0.0066  test=0.0048  (855.5s)
[winner@lambda_shared] lambda_shared=1e-06  NDCG@20=0.0086

=== bpr [baby x uniform x seed=2026] winner: {'k_embed_dim': 256, 'learning_rate': 0.05, 'lambda_shared': 1e-06, 'batch_size': 4096, 'n_epochs': 1000}  val NDCG@20=0.0086  test=0.0058 ===

