
=== Tuning lightgcn on cellphone x causal x seed=123, selecting on validation NDCG@20 ===
    -> /home/ntuyen/causal-isolated-training/research/results/tuning/lightgcn/cellphone/causal/seed123
[baseline] running with defaults: {'lambda_reg': 0.0001, 'num_layers': 3, 'learning_rate': 0.001}
Early stopping:
- best epoch = 19, stopped epoch = 69
- best monitored value = 0.023690 (delta = -0.008652)

VALIDATION:
...
                                    | HitRatio@20 | NDCG@20 | Recall@20 | Time (s)
----------------------------------- + ----------- + ------- + --------- + --------
LightGCN/tune/cellphone/causal/s123 |      0.0232 |  0.0067 |    0.0150 | 180.7095

TEST:
...
                                    | HitRatio@20 | NDCG@20 | Recall@20 |  Train (s) | Test (s)
----------------------------------- + ----------- + ------- + --------- + ---------- + --------
LightGCN/tune/cellphone/causal/s123 |      0.0156 |  0.0047 |    0.0112 | 26047.9674 | 111.2243

[baseline] val NDCG@20=0.0067  test=0.0047  (26340.6s)

--- knob: num_layers  grid=[1, 2, 4]  (default carries metric=0.0067) ---
Early stopping:
- best epoch = 5, stopped epoch = 55
- best monitored value = 0.021143 (delta = -0.010059)

VALIDATION:
...
                                    | HitRatio@20 | NDCG@20 | Recall@20 | Time (s)
----------------------------------- + ----------- + ------- + --------- + --------
LightGCN/tune/cellphone/causal/s123 |      0.0174 |  0.0051 |    0.0111 | 183.2015

TEST:
...
                                    | HitRatio@20 | NDCG@20 | Recall@20 |  Train (s) | Test (s)
----------------------------------- + ----------- + ------- + --------- + ---------- + --------
LightGCN/tune/cellphone/causal/s123 |      0.0131 |  0.0041 |    0.0094 | 15013.9381 | 112.4988

[run]  num_layers=1  val NDCG@20=0.0051  test=0.0041  (15310.3s)
Early stopping:
- best epoch = 11, stopped epoch = 61
- best monitored value = 0.025347 (delta = -0.007762)

VALIDATION:
...
                                    | HitRatio@20 | NDCG@20 | Recall@20 | Time (s)
----------------------------------- + ----------- + ------- + --------- + --------
LightGCN/tune/cellphone/causal/s123 |      0.0271 |  0.0079 |    0.0176 | 193.6424

TEST:
...
                                    | HitRatio@20 | NDCG@20 | Recall@20 |  Train (s) | Test (s)
----------------------------------- + ----------- + ------- + --------- + ---------- + --------
LightGCN/tune/cellphone/causal/s123 |      0.0206 |  0.0063 |    0.0148 | 20400.1154 | 117.9355

[run]  num_layers=2  val NDCG@20=0.0079  test=0.0063  (20712.4s)

=== Tuning lightgcn on cellphone x causal x seed=123, selecting on validation NDCG@20 ===
    -> /home/ntuyen/causal-isolated-training/research/results/tuning/lightgcn/cellphone/causal/seed123
[baseline] cached: val NDCG@20=0.0067

--- knob: num_layers  grid=[1, 2, 4]  (default carries metric=0.0067) ---
[skip] num_layers=1  val NDCG@20=0.0051  [cached]
[skip] num_layers=2  val NDCG@20=0.0079  [cached]
Early stopping:
- best epoch = 19, stopped epoch = 69
- best monitored value = 0.025474 (delta = -0.006893)

VALIDATION:
...
                                    | HitRatio@20 | NDCG@20 | Recall@20 | Time (s)
----------------------------------- + ----------- + ------- + --------- + --------
LightGCN/tune/cellphone/causal/s123 |      0.0284 |  0.0083 |    0.0186 | 183.9315

TEST:
...
                                    | HitRatio@20 | NDCG@20 | Recall@20 |  Train (s) | Test (s)
----------------------------------- + ----------- + ------- + --------- + ---------- + --------
LightGCN/tune/cellphone/causal/s123 |      0.0198 |  0.0061 |    0.0142 | 29938.9276 | 112.1883

[run]  num_layers=4  val NDCG@20=0.0083  test=0.0061  (30235.7s)
[winner@num_layers] num_layers=4  NDCG@20=0.0083
[users] winner per-user scores from num_layers/4.json

=== lightgcn [cellphone x causal x seed=123] winner: {'lambda_reg': 0.0001, 'num_layers': 4, 'learning_rate': 0.001}  val NDCG@20=0.0083  test=0.0061 ===

