
=== Tuning lightgcn on philadelphia x uniform x seed=123, selecting on validation NDCG@20 ===
    -> /home/thinh/causal-isolated-training/research/results/tuning/lightgcn/philadelphia/uniform/seed123
/home/thinh/miniconda3/envs/leakage24/lib/python3.12/site-packages/cornac/data/dataset.py:335: UserWarning: 18484 duplicated observations are removed!
  warnings.warn("%d duplicated observations are removed!" % dup_count)
/home/thinh/miniconda3/envs/leakage24/lib/python3.12/site-packages/cornac/data/dataset.py:335: UserWarning: 674 duplicated observations are removed!
  warnings.warn("%d duplicated observations are removed!" % dup_count)
/home/thinh/miniconda3/envs/leakage24/lib/python3.12/site-packages/cornac/data/dataset.py:335: UserWarning: 914 duplicated observations are removed!
  warnings.warn("%d duplicated observations are removed!" % dup_count)
[baseline] running with defaults: {'lambda_reg': 0.0001, 'num_layers': 3, 'learning_rate': 0.001}
Early stopping:
- best epoch = 183, stopped epoch = 233
- best monitored value = 0.076839 (delta = -0.002966)

VALIDATION:
...
                                        | HitRatio@20 | NDCG@20 | Recall@20 | Time (s)
--------------------------------------- + ----------- + ------- + --------- + --------
LightGCN/tune/philadelphia/uniform/s123 |      0.1930 |  0.0507 |    0.0739 |   4.8516

TEST:
...
                                        | HitRatio@20 | NDCG@20 | Recall@20 | Train (s) | Test (s)
--------------------------------------- + ----------- + ------- + --------- + --------- + --------
LightGCN/tune/philadelphia/uniform/s123 |      0.1633 |  0.0440 |    0.0672 | 1609.9898 |   4.2778

[baseline] val NDCG@20=0.0507  test=0.0440  (1619.2s)

--- knob: num_layers  grid=[1, 2, 4]  (default carries metric=0.0507) ---
Early stopping:
- best epoch = 66, stopped epoch = 116
- best monitored value = 0.074158 (delta = -0.002023)

VALIDATION:
...
                                        | HitRatio@20 | NDCG@20 | Recall@20 | Time (s)
--------------------------------------- + ----------- + ------- + --------- + --------
LightGCN/tune/philadelphia/uniform/s123 |      0.1888 |  0.0495 |    0.0721 |   4.4173

TEST:
...
                                        | HitRatio@20 | NDCG@20 | Recall@20 | Train (s) | Test (s)
--------------------------------------- + ----------- + ------- + --------- + --------- + --------
LightGCN/tune/philadelphia/uniform/s123 |      0.1633 |  0.0418 |    0.0662 |  646.8641 |   4.2879

[run]  num_layers=1  val NDCG@20=0.0495  test=0.0418  (655.7s)
Early stopping:
- best epoch = 167, stopped epoch = 217
- best monitored value = 0.076798 (delta = -0.001748)

VALIDATION:
...
                                        | HitRatio@20 | NDCG@20 | Recall@20 | Time (s)
--------------------------------------- + ----------- + ------- + --------- + --------
LightGCN/tune/philadelphia/uniform/s123 |      0.1984 |  0.0518 |    0.0751 |   4.7951

TEST:
...
                                        | HitRatio@20 | NDCG@20 | Recall@20 | Train (s) | Test (s)
--------------------------------------- + ----------- + ------- + --------- + --------- + --------
LightGCN/tune/philadelphia/uniform/s123 |      0.1620 |  0.0428 |    0.0647 | 1362.2819 |   4.1745

[run]  num_layers=2  val NDCG@20=0.0518  test=0.0428  (1371.3s)
Early stopping:
- best epoch = 216, stopped epoch = 266
- best monitored value = 0.077023 (delta = -0.000762)

VALIDATION:
...
                                        | HitRatio@20 | NDCG@20 | Recall@20 | Time (s)
--------------------------------------- + ----------- + ------- + --------- + --------
LightGCN/tune/philadelphia/uniform/s123 |      0.1968 |  0.0512 |    0.0763 |   4.9201

TEST:
...
                                        | HitRatio@20 | NDCG@20 | Recall@20 | Train (s) | Test (s)
--------------------------------------- + ----------- + ------- + --------- + --------- + --------
LightGCN/tune/philadelphia/uniform/s123 |      0.1683 |  0.0446 |    0.0692 | 1954.3421 |   4.2285

[run]  num_layers=4  val NDCG@20=0.0512  test=0.0446  (1963.6s)
[winner@num_layers] num_layers=2  NDCG@20=0.0518
[users] winner per-user scores from num_layers/2.json

=== lightgcn [philadelphia x uniform x seed=123] winner: {'lambda_reg': 0.0001, 'num_layers': 2, 'learning_rate': 0.001}  val NDCG@20=0.0518  test=0.0428 ===

